[33mÔØ»[39m Building...
[32mÔ£ö[39m Building...
Application bundle generation failed. [17.034 seconds]

node.exe : 
[1m[31m[31mX [41;31m[
[41;97mERROR[41;31m][0m 
[1mexpected "{".
Au caractère Ligne:1 : 1
+ & "C:\Program 
Files\nodejs/node.exe" 
"C:\Program 
Files\nodejs/node_mo ...
+ ~~~~~~~~~~~~~~~~~~~~~~~~
~~~~~~~~~~~~~~~~~~~~~~~~~~
~~~~~~~~~~~~~~~~~~~
    + CategoryInfo        
      : NotSpecified    : 
([1m[31m[31mX.    
..1mexpected "{".:S    
tring) [], RemoteEx    
ception
    + FullyQualifiedErr   
 orId : NativeComman    
dError
 
  ÔòÀ
9 Ôöé     .total-row { 
border-top: 1px dashed 
var(--color-border); 
pt-1; margin-top: 1rem; 
padding-top: .5rem; 
font-size: 1.2rem; }
  Ôöé                     
                          
                   ^
  ÔòÁ
  src\app\shop\features\or
ders\order-detail\order-de
tail.component.ts 9:66  
root stylesheet[0m 
[1m[35m[plugin 
angular-sass][0m


[31mX [41;31m[[41;97mER
ROR[41;31m][0m 
[1mCould not resolve "../
../../core/services/admin.
service"[0m

    src/app/shop/features/
admin/admin-dashboard/admi
n-dashboard.component.ts:3
:29:
[37m      3 Ôöé import { 
AdminService } from [32m'
../../../core/services/adm
in.service'[37m;
        ÔòÁ               
               [32m~~~~~~
~~~~~~~~~~~~~~~~~~~~~~~~~~
~~~~~~[0m


[31mX [41;31m[[41;97mER
ROR[41;31m][0m 
[1mTS2307: Cannot find 
module '../../../core/serv
ices/admin.service' or 
its corresponding type 
declarations.[0m 
[1m[35m[plugin 
angular-compiler][0m

    src/app/shop/features/
admin/admin-dashboard/admi
n-dashboard.component.ts:3
:29:
[37m      3 Ôöé import { 
AdminService } from [32m'
../../../core/services/adm
in.service'[37m;
        ÔòÁ               
               [32m~~~~~~
~~~~~~~~~~~~~~~~~~~~~~~~~~
~~~~~~[0m


[31mX [41;31m[[41;97mER
ROR[41;31m][0m 
[1mTS2571: Object is of 
type 'unknown'.[0m 
[1m[35m[plugin 
angular-compiler][0m

    src/app/shop/features/
admin/admin-dashboard/admi
n-dashboard.component.ts:8
1:4:
[37m      81 Ôöé     [32
mthis.adminService[37m.ge
tDashboard().subscribe({
         ÔòÁ     
[32m~~~~~~~~~~~~~~~~~[0m


[31mX [41;31m[[41;97mER
ROR[41;31m][0m 
[1mTS7006: Parameter 's' 
implicitly has an 'any' 
type.[0m 
[1m[35m[plugin 
angular-compiler][0m

    src/app/shop/features/
admin/admin-dashboard/admi
n-dashboard.component.ts:8
2:12:
[37m      82 Ôöé       
next: [32ms[37m => { 
this.stats.set(s); 
this.loading.set(false); 
},
         ÔòÁ             
[32m^[0m


[31mX [41;31m[[41;97mER
ROR[41;31m][0m 
[1mCould not resolve "../
../../core/services/produc
t.service"[0m

    src/app/shop/features/
admin/admin-product-list/a
dmin-product-list.componen
t.ts:5:31:
[37m      5 Ôöé ...t { 
ProductService } from [32
m'../../../core/services/p
roduct.service'[37m;
        ÔòÁ               
               [32m~~~~~~
~~~~~~~~~~~~~~~~~~~~~~~~~~
~~~~~~~~[0m


[31mX [41;31m[[41;97mER
ROR[41;31m][0m 
[1mTS2307: Cannot find 
module '../../../core/serv
ices/product.service' or 
its corresponding type 
declarations.[0m 
[1m[35m[plugin 
angular-compiler][0m

    src/app/shop/features/
admin/admin-product-list/a
dmin-product-list.componen
t.ts:5:31:
[37m      5 Ôöé ...t { 
ProductService } from [32
m'../../../core/services/p
roduct.service'[37m;
        ÔòÁ               
               [32m~~~~~~
~~~~~~~~~~~~~~~~~~~~~~~~~~
~~~~~~~~[0m


[31mX [41;31m[[41;97mER
ROR[41;31m][0m 
[1mCould not resolve "../
../../core/services/messag
e.service"[0m

    src/app/shop/features/
admin/admin-product-list/a
dmin-product-list.componen
t.ts:6:31:
[37m      6 Ôöé ...t { 
MessageService } from [32
m'../../../core/services/m
essage.service'[37m;
        ÔòÁ               
               [32m~~~~~~
~~~~~~~~~~~~~~~~~~~~~~~~~~
~~~~~~~~[0m


[31mX [41;31m[[41;97mER
ROR[41;31m][0m 
[1mTS2307: Cannot find 
module '../../../core/serv
ices/message.service' or 
its corresponding type 
declarations.[0m 
[1m[35m[plugin 
angular-compiler][0m

    src/app/shop/features/
admin/admin-product-list/a
dmin-product-list.componen
t.ts:6:31:
[37m      6 Ôöé ...t { 
MessageService } from [32
m'../../../core/services/m
essage.service'[37m;
        ÔòÁ               
               [32m~~~~~~
~~~~~~~~~~~~~~~~~~~~~~~~~~
~~~~~~~~[0m


[31mX [41;31m[[41;97mER
ROR[41;31m][0m 
[1mCould not resolve "../
../../shared/components/pa
gination/pagination.compon
ent"[0m

    src/app/shop/features/
admin/admin-product-list/a
dmin-product-list.componen
t.ts:7:36:
[37m      7 Ôöé ...ent } 
from [32m'../../../shared
/components/pagination/pag
ination.com[37m...
        ÔòÁ               
[32m~~~~~~~~~~~~~~~~~~~~~
~~~~~~~~~~~~~~~~~~~~~~~~~~
~~~~~~[0m


[31mX [41;31m[[41;97mER
ROR[41;31m][0m 
[1mTS2307: Cannot find 
module '../../../shared/co
mponents/pagination/pagina
tion.component' or its 
corresponding type 
declarations.[0m 
[1m[35m[plugin 
angular-compiler][0m

    src/app/shop/features/
admin/admin-product-list/a
dmin-product-list.componen
t.ts:7:36:
[37m      7 Ôöé ...ent } 
from [32m'../../../shared
/components/pagination/pag
ination.com[37m...
        ÔòÁ               
[32m~~~~~~~~~~~~~~~~~~~~~
~~~~~~~~~~~~~~~~~~~~~~~~~~
~~~~~~[0m


[31mX [41;31m[[41;97mER
ROR[41;31m][0m 
[1mCould not resolve "../
../../shared/components/co
nfirm-dialog/confirm-dialo
g.component"[0m

    src/app/shop/features/
admin/admin-product-list/a
dmin-product-list.componen
t.ts:8:39:
[37m      8 Ôöé ...ent } 
from [32m'../../../shared
/components/confirm-dialog
/confirm-di[37m...
        ÔòÁ               
[32m~~~~~~~~~~~~~~~~~~~~~
~~~~~~~~~~~~~~~~~~~~~~~~~~
~~~~~~[0m


[31mX [41;31m[[41;97mER
ROR[41;31m][0m 
[1mTS2307: Cannot find 
module '../../../shared/co
mponents/confirm-dialog/co
nfirm-dialog.component' 
or its corresponding type 
declarations.[0m 
[1m[35m[plugin 
angular-compiler][0m

    src/app/shop/features/
admin/admin-product-list/a
dmin-product-list.componen
t.ts:8:39:
[37m      8 Ôöé ...ent } 
from [32m'../../../shared
/components/confirm-dialog
/confirm-di[37m...
        ÔòÁ               
[32m~~~~~~~~~~~~~~~~~~~~~
~~~~~~~~~~~~~~~~~~~~~~~~~~
~~~~~~[0m


[31mX [41;31m[[41;97mER
ROR[41;31m][0m 
[1mTS2307: Cannot find 
module '../../../shared/mo
dels/product.model' or 
its corresponding type 
declarations.[0m 
[1m[35m[plugin 
angular-compiler][0m

    src/app/shop/features/
admin/admin-product-list/a
dmin-product-list.componen
t.ts:9:29:
[37m      9 Ôöé import 
type { Product } from [32
m'../../../shared/models/p
roduct.model'[37m;
        ÔòÁ               
               [32m~~~~~~
~~~~~~~~~~~~~~~~~~~~~~~~~~
~~~~~~[0m


[31mX [41;31m[[41;97mER
ROR[41;31m][0m 
[1mTS-991010: 'imports' 
must be an array of 
components, directives, 
pipes, or NgModules.
  Value is of type 
'[RouterLink, 
FormsModule, (not 
statically analyzable), 
(not statically 
analyzable), 
DecimalPipe]'.[0m 
[1m[35m[plugin 
angular-compiler][0m

    src/app/shop/features/
admin/admin-product-list/a
dmin-product-list.componen
t.ts:14:11:
[37m      14 Ôöé   
imports: 
[32m[RouterLink, 
FormsModule, 
PaginationComponent, 
ConfirmD[37m...
         ÔòÁ            [
32m~~~~~~~~~~~~~~~~~~~~~~~
~~~~~~~~~~~~~~~~~~~~~~~~~~
~~~~~~[0m


[31mX [41;31m[[41;97mER
ROR[41;31m][0m 
[1mTS-991010: 'imports' 
must be an array of 
components, directives, 
pipes, or NgModules.
  Value is of type 
'[RouterLink, 
FormsModule, (not 
statically analyzable), 
(not statically 
analyzable), 
DecimalPipe]'.[0m 
[1m[35m[plugin 
angular-compiler][0m

    src/app/shop/features/
admin/admin-product-list/a
dmin-product-list.componen
t.ts:14:11:
[37m      14 Ôöé   
imports: 
[32m[RouterLink, 
FormsModule, 
PaginationComponent, 
ConfirmD[37m...
         ÔòÁ            [
32m~~~~~~~~~~~~~~~~~~~~~~~
~~~~~~~~~~~~~~~~~~~~~~~~~~
~~~~~~[0m


[31mX [41;31m[[41;97mER
ROR[41;31m][0m 
[1mTS2571: Object is of 
type 'unknown'.[0m 
[1m[35m[plugin 
angular-compiler][0m

    src/app/shop/features/
admin/admin-product-list/a
dmin-product-list.componen
t.ts:88:4:
[37m      88 Ôöé     [32
mthis.productService[37m.
getAll(this.pageNo(), 10, 
this.search()).s...
         ÔòÁ     [32m~~~~
~~~~~~~~~~~~~~~[0m


[31mX [41;31m[[41;97mER
ROR[41;31m][0m 
[1mTS7006: Parameter 
'res' implicitly has an 
'any' type.[0m 
[1m[35m[plugin 
angular-compiler][0m

    src/app/shop/features/
admin/admin-product-list/a
dmin-product-list.componen
t.ts:89:12:
[37m      89 Ôöé       
next: [32mres[37m => { t
his.products.set(res.conte
nt); this.pageNo.s...
         ÔòÁ             
[32m~~~[0m


[31mX [41;31m[[41;97mER
ROR[41;31m][0m 
[1mTS2571: Object is of 
type 'unknown'.[0m 
[1m[35m[plugin 
angular-compiler][0m

    src/app/shop/features/
admin/admin-product-list/a
dmin-product-list.componen
t.ts:97:4:
[37m      97 Ôöé     [32
mthis.productService[37m.
delete(p.id).subscribe({ 
next: () => { thi...
         ÔòÁ     [32m~~~~
~~~~~~~~~~~~~~~[0m


[31mX [41;31m[[41;97mER
ROR[41;31m][0m 
[1mTS2571: Object is of 
type 'unknown'.[0m 
[1m[35m[plugin 
angular-compiler][0m

    src/app/shop/features/
admin/admin-product-list/a
dmin-product-list.componen
t.ts:97:63:
[37m      97 Ôöé 
...).subscribe({ next: () 
=> { [32mthis.msg[37m.su
ccess('Product 
deleted')...
         ÔòÁ              
                  
[32m~~~~~~~~[0m


[31mX [41;31m[[41;97mER
ROR[41;31m][0m 
[1mTS2307: Cannot find 
module '../../../core/serv
ices/inventory.service' 
or its corresponding type 
declarations.[0m 
[1m[35m[plugin 
angular-compiler][0m

    src/app/shop/features/
admin/inventory-dashboard/
inventory-dashboard.compon
ent.ts:10:7:
[37m      10 Ôöé } from 
[32m'../../../core/service
s/inventory.service'[37m;
         ÔòÁ        [32m~
~~~~~~~~~~~~~~~~~~~~~~~~~~
~~~~~~~~~~~~~~~[0m


[31mX [41;31m[[41;97mER
ROR[41;31m][0m 
[1mTS2307: Cannot find 
module '../../../core/serv
ices/message.service' or 
its corresponding type 
declarations.[0m 
[1m[35m[plugin 
angular-compiler][0m

    src/app/shop/features/
admin/inventory-dashboard/
inventory-dashboard.compon
ent.ts:11:31:
[37m      11 Ôöé ... { 
MessageService } from [32
m'../../../core/services/m
essage.service'[37m;
         ÔòÁ              
               [32m~~~~~~
~~~~~~~~~~~~~~~~~~~~~~~~~~
~~~~~~~~[0m


[31mX [41;31m[[41;97mER
ROR[41;31m][0m 
[1mTS-992003: No 
suitable injection token 
for parameter 
'inventoryService' of 
class 'InventoryDashboardC
omponent'.
  Consider using the 
@Inject decorator to 
specify an injection 
token.[0m 
[1m[35m[plugin 
angular-compiler][0m

    src/app/shop/features/
admin/inventory-dashboard/
inventory-dashboard.compon
ent.ts:75:12:
[37m      75 Ôöé     
private [32minventoryServ
ice[37m: 
InventoryService,
         ÔòÁ             
[32m~~~~~~~~~~~~~~~~[0m

  This type does not have 
a value, so it cannot be 
used as injection token.

    src/app/shop/features/
admin/inventory-dashboard/
inventory-dashboard.compon
ent.ts:75:30:
[37m      75 Ôöé     
private inventoryService: 
[32mInventoryService[37m
,
         ÔòÁ              
                 
[32m~~~~~~~~~~~~~~~~[0m


[31mX [41;31m[[41;97mER
ROR[41;31m][0m 
[1mTS7006: Parameter 
'data' implicitly has an 
'any' type.[0m 
[1m[35m[plugin 
angular-compiler][0m

    src/app/shop/features/
admin/inventory-dashboard/
inventory-dashboard.compon
ent.ts:92:13:
[37m      92 Ôöé       
next: ([32mdata[37m) => 
{
         ÔòÁ              
[32m~~~~[0m


[31mX [41;31m[[41;97mER
ROR[41;31m][0m 
[1mTS7006: Parameter 
'err' implicitly has an 
'any' type.[0m 
[1m[35m[plugin 
angular-compiler][0m

    src/app/shop/features/
admin/inventory-dashboard/
inventory-dashboard.compon
ent.ts:96:14:
[37m      96 Ôöé       
error: ([32merr[37m) => 
{
         ÔòÁ              
 [32m~~~[0m


[31mX [41;31m[[41;97mER
ROR[41;31m][0m 
[1mTS7006: Parameter 
'data' implicitly has an 
'any' type.[0m 
[1m[35m[plugin 
angular-compiler][0m

    src/app/shop/features/
admin/inventory-dashboard/
inventory-dashboard.compon
ent.ts:106:13:
[37m      106 Ôöé       
next: ([32mdata[37m) => 
{
          ÔòÁ             
 [32m~~~~[0m


[31mX [41;31m[[41;97mER
ROR[41;31m][0m 
[1mTS7006: Parameter 
'err' implicitly has an 
'any' type.[0m 
[1m[35m[plugin 
angular-compiler][0m

    src/app/shop/features/
admin/inventory-dashboard/
inventory-dashboard.compon
ent.ts:110:14:
[37m      110 Ôöé       
error: ([32merr[37m) => 
{
          ÔòÁ             
  [32m~~~[0m


[31mX [41;31m[[41;97mER
ROR[41;31m][0m 
[1mTS7006: Parameter 
'data' implicitly has an 
'any' type.[0m 
[1m[35m[plugin 
angular-compiler][0m

    src/app/shop/features/
admin/inventory-dashboard/
inventory-dashboard.compon
ent.ts:120:13:
[37m      120 Ôöé       
next: ([32mdata[37m) => 
{
          ÔòÁ             
 [32m~~~~[0m


[31mX [41;31m[[41;97mER
ROR[41;31m][0m 
[1mTS7006: Parameter 
'err' implicitly has an 
'any' type.[0m 
[1m[35m[plugin 
angular-compiler][0m

    src/app/shop/features/
admin/inventory-dashboard/
inventory-dashboard.compon
ent.ts:124:14:
[37m      124 Ôöé       
error: ([32merr[37m) => 
{
          ÔòÁ             
  [32m~~~[0m


[31mX [41;31m[[41;97mER
ROR[41;31m][0m 
[1mTS7006: Parameter 
'err' implicitly has an 
'any' type.[0m 
[1m[35m[plugin 
angular-compiler][0m

    src/app/shop/features/
admin/inventory-dashboard/
inventory-dashboard.compon
ent.ts:157:16:
[37m      157 Ôöé        
 error: ([32merr[37m) 
=> {
          ÔòÁ             
    [32m~~~[0m


[31mX [41;31m[[41;97mER
ROR[41;31m][0m 
[1mTS7006: Parameter 
'err' implicitly has an 
'any' type.[0m 
[1m[35m[plugin 
angular-compiler][0m

    src/app/shop/features/
admin/inventory-dashboard/
inventory-dashboard.compon
ent.ts:169:16:
[37m      169 Ôöé        
 error: ([32merr[37m) 
=> {
          ÔòÁ             
    [32m~~~[0m


[31mX [41;31m[[41;97mER
ROR[41;31m][0m 
[1mCould not resolve "../
../../core/services/cart.s
ervice"[0m

    src/app/shop/features/
cart/cart-page/cart-page.c
omponent.ts:4:28:
[37m      4 Ôöé import { 
CartService } from [32m'.
./../../core/services/cart
.service'[37m;
        ÔòÁ               
              [32m~~~~~~~
~~~~~~~~~~~~~~~~~~~~~~~~~~
~~~~[0m


[31mX [41;31m[[41;97mER
ROR[41;31m][0m 
[1mTS2307: Cannot find 
module '../../../core/serv
ices/cart.service' or its 
corresponding type 
declarations.[0m 
[1m[35m[plugin 
angular-compiler][0m

    src/app/shop/features/
cart/cart-page/cart-page.c
omponent.ts:4:28:
[37m      4 Ôöé import { 
CartService } from [32m'.
./../../core/services/cart
.service'[37m;
        ÔòÁ               
              [32m~~~~~~~
~~~~~~~~~~~~~~~~~~~~~~~~~~
~~~~[0m


[31mX [41;31m[[41;97mER
ROR[41;31m][0m 
[1mCould not resolve "../
../../core/services/produc
t.service"[0m

    src/app/shop/features/
cart/cart-page/cart-page.c
omponent.ts:5:31:
[37m      5 Ôöé ...t { 
ProductService } from [32
m'../../../core/services/p
roduct.service'[37m;
        ÔòÁ               
               [32m~~~~~~
~~~~~~~~~~~~~~~~~~~~~~~~~~
~~~~~~~~[0m


[31mX [41;31m[[41;97mER
ROR[41;31m][0m 
[1mTS2307: Cannot find 
module '../../../core/serv
ices/product.service' or 
its corresponding type 
declarations.[0m 
[1m[35m[plugin 
angular-compiler][0m

    src/app/shop/features/
cart/cart-page/cart-page.c
omponent.ts:5:31:
[37m      5 Ôöé ...t { 
ProductService } from [32
m'../../../core/services/p
roduct.service'[37m;
        ÔòÁ               
               [32m~~~~~~
~~~~~~~~~~~~~~~~~~~~~~~~~~
~~~~~~~~[0m


[31mX [41;31m[[41;97mER
ROR[41;31m][0m 
[1mCould not resolve "../
../../core/services/auth.s
ervice"[0m

    src/app/shop/features/
cart/cart-page/cart-page.c
omponent.ts:6:28:
[37m      6 Ôöé import { 
AuthService } from [32m'.
./../../core/services/auth
.service'[37m;
        ÔòÁ               
              [32m~~~~~~~
~~~~~~~~~~~~~~~~~~~~~~~~~~
~~~~[0m


[31mX [41;31m[[41;97mER
ROR[41;31m][0m 
[1mTS2307: Cannot find 
module '../../../core/serv
ices/auth.service' or its 
corresponding type 
declarations.[0m 
[1m[35m[plugin 
angular-compiler][0m

    src/app/shop/features/
cart/cart-page/cart-page.c
omponent.ts:6:28:
[37m      6 Ôöé import { 
AuthService } from [32m'.
./../../core/services/auth
.service'[37m;
        ÔòÁ               
              [32m~~~~~~~
~~~~~~~~~~~~~~~~~~~~~~~~~~
~~~~[0m


[31mX [41;31m[[41;97mER
ROR[41;31m][0m 
[1mCould not resolve "../
../../core/services/messag
e.service"[0m

    src/app/shop/features/
cart/cart-page/cart-page.c
omponent.ts:7:31:
[37m      7 Ôöé ...t { 
MessageService } from [32
m'../../../core/services/m
essage.service'[37m;
        ÔòÁ               
               [32m~~~~~~
~~~~~~~~~~~~~~~~~~~~~~~~~~
~~~~~~~~[0m


[31mX [41;31m[[41;97mER
ROR[41;31m][0m 
[1mTS2307: Cannot find 
module '../../../core/serv
ices/message.service' or 
its corresponding type 
declarations.[0m 
[1m[35m[plugin 
angular-compiler][0m

    src/app/shop/features/
cart/cart-page/cart-page.c
omponent.ts:7:31:
[37m      7 Ôöé ...t { 
MessageService } from [32
m'../../../core/services/m
essage.service'[37m;
        ÔòÁ               
               [32m~~~~~~
~~~~~~~~~~~~~~~~~~~~~~~~~~
~~~~~~~~[0m


[31mX [41;31m[[41;97mER
ROR[41;31m][0m 
[1mTS2307: Cannot find 
module '../../../shared/mo
dels/cart.model' or its 
corresponding type 
declarations.[0m 
[1m[35m[plugin 
angular-compiler][0m

    src/app/shop/features/
cart/cart-page/cart-page.c
omponent.ts:8:26:
[37m      8 Ôöé import 
type { Cart } from [32m'.
./../../shared/models/cart
.model'[37m;
        ÔòÁ               
            [32m~~~~~~~~~
~~~~~~~~~~~~~~~~~~~~~~~~~~
[0m


[31mX [41;31m[[41;97mER
ROR[41;31m][0m [1mNG1: 
Object is of type 
'unknown'.[0m 
[1m[35m[plugin 
angular-compiler][0m

    src/app/shop/features/
cart/cart-page/cart-page.c
omponent.ts:39:51:
[37m      39 Ôöé ...img [
src]="productService.[32m
getImageUrl[37m(item.prod
uct.image!)" [al...
         ÔòÁ              
                
[32m~~~~~~~~~~~[0m


[31mX [41;31m[[41;97mER
ROR[41;31m][0m 
[1mTS2571: Object is of 
type 'unknown'.[0m 
[1m[35m[plugin 
angular-compiler][0m

    src/app/shop/features/
cart/cart-page/cart-page.c
omponent.ts:99:9:
[37m      99 Ôöé     if (
![32mthis.auth[37m.isLog
gedIn()) {
         ÔòÁ          
[32m~~~~~~~~~[0m


[31mX [41;31m[[41;97mER
ROR[41;31m][0m 
[1mTS2571: Object is of 
type 'unknown'.[0m 
[1m[35m[plugin 
angular-compiler][0m

    src/app/shop/features/
cart/cart-page/cart-page.c
omponent.ts:103:4:
[37m      103 Ôöé     [3
2mthis.cartService[37m.ge
tMyCart().subscribe({
          ÔòÁ     
[32m~~~~~~~~~~~~~~~~[0m


[31mX [41;31m[[41;97mER
ROR[41;31m][0m 
[1mTS7006: Parameter 
'items' implicitly has an 
'any' type.[0m 
[1m[35m[plugin 
angular-compiler][0m

    src/app/shop/features/
cart/cart-page/cart-page.c
omponent.ts:104:12:
[37m      104 Ôöé       
next: [32mitems[37m => 
{ this.items.set(items); 
this.loading.set(fa...
          ÔòÁ             
[32m~~~~~[0m


[31mX [41;31m[[41;97mER
ROR[41;31m][0m 
[1mTS2571: Object is of 
type 'unknown'.[0m 
[1m[35m[plugin 
angular-compiler][0m

    src/app/shop/features/
cart/cart-page/cart-page.c
omponent.ts:110:4:
[37m      110 Ôöé     [3
2mthis.cartService[37m.up
dateQuantity(id, 
action).subscribe(() => 
t...
          ÔòÁ     
[32m~~~~~~~~~~~~~~~~[0m


[31mX [41;31m[[41;97mER
ROR[41;31m][0m 
[1mTS2571: Object is of 
type 'unknown'.[0m 
[1m[35m[plugin 
angular-compiler][0m

    src/app/shop/features/
cart/cart-page/cart-page.c
omponent.ts:114:4:
[37m      114 Ôöé     [3
2mthis.cartService[37m.re
move(id).subscribe(() => 
{ this.msg.succes...
          ÔòÁ     
[32m~~~~~~~~~~~~~~~~[0m


[31mX [41;31m[[41;97mER
ROR[41;31m][0m 
[1mTS2571: Object is of 
type 'unknown'.[0m 
[1m[35m[plugin 
angular-compiler][0m

    src/app/shop/features/
cart/cart-page/cart-page.c
omponent.ts:114:50:
[37m      114 Ôöé 
...move(id).subscribe(() 
=> { [32mthis.msg[37m.su
ccess('Item removed'); 
t...
          ÔòÁ             
                  
[32m~~~~~~~~[0m


[31mX [41;31m[[41;97mER
ROR[41;31m][0m 
[1mCould not resolve "../
../../core/services/catego
ry.service"[0m

    src/app/shop/features/
categories/category-form/c
ategory-form.component.ts:
4:32:
[37m      4 Ôöé ...{ 
CategoryService } from [3
2m'../../../core/services/
category.service'[37m;
        ÔòÁ               
              [32m~~~~~~~
~~~~~~~~~~~~~~~~~~~~~~~~~~
~~~~~~~~[0m


[31mX [41;31m[[41;97mER
ROR[41;31m][0m 
[1mTS2307: Cannot find 
module '../../../core/serv
ices/category.service' or 
its corresponding type 
declarations.[0m 
[1m[35m[plugin 
angular-compiler][0m

    src/app/shop/features/
categories/category-form/c
ategory-form.component.ts:
4:32:
[37m      4 Ôöé ...{ 
CategoryService } from [3
2m'../../../core/services/
category.service'[37m;
        ÔòÁ               
              [32m~~~~~~~
~~~~~~~~~~~~~~~~~~~~~~~~~~
~~~~~~~~[0m


[31mX [41;31m[[41;97mER
ROR[41;31m][0m 
[1mCould not resolve "../
../../core/services/messag
e.service"[0m

    src/app/shop/features/
categories/category-form/c
ategory-form.component.ts:
5:31:
[37m      5 Ôöé ...t { 
MessageService } from [32
m'../../../core/services/m
essage.service'[37m;
        ÔòÁ               
               [32m~~~~~~
~~~~~~~~~~~~~~~~~~~~~~~~~~
~~~~~~~~[0m


[31mX [41;31m[[41;97mER
ROR[41;31m][0m 
[1mTS2307: Cannot find 
module '../../../core/serv
ices/message.service' or 
its corresponding type 
declarations.[0m 
[1m[35m[plugin 
angular-compiler][0m

    src/app/shop/features/
categories/category-form/c
ategory-form.component.ts:
5:31:
[37m      5 Ôöé ...t { 
MessageService } from [32
m'../../../core/services/m
essage.service'[37m;
        ÔòÁ               
               [32m~~~~~~
~~~~~~~~~~~~~~~~~~~~~~~~~~
~~~~~~~~[0m


[31mX [41;31m[[41;97mER
ROR[41;31m][0m 
[1mTS2571: Object is of 
type 'unknown'.[0m 
[1m[35m[plugin 
angular-compiler][0m

    src/app/shop/features/
categories/category-form/c
ategory-form.component.ts:
79:6:
[37m      79 Ôöé       [
32mthis.catService[37m.ge
tById(this.editId).subscri
be(c => this.for...
         ÔòÁ       
[32m~~~~~~~~~~~~~~~[0m


[31mX [41;31m[[41;97mER
ROR[41;31m][0m 
[1mTS7006: Parameter 'c' 
implicitly has an 'any' 
type.[0m 
[1m[35m[plugin 
angular-compiler][0m

    src/app/shop/features/
categories/category-form/c
ategory-form.component.ts:
79:53:
[37m      79 Ôöé ...vice.
getById(this.editId).subsc
ribe([32mc[37m => 
this.form.patchValue(c));
         ÔòÁ              
                          
[32m^[0m


[31mX [41;31m[[41;97mER
ROR[41;31m][0m 
[1mTS2571: Object is of 
type 'unknown'.[0m 
[1m[35m[plugin 
angular-compiler][0m

    src/app/shop/features/
categories/category-form/c
ategory-form.component.ts:
87:8:
[37m      87 Ôöé       ? 
[32mthis.catService[37m.
update(this.editId, data)
         ÔòÁ         
[32m~~~~~~~~~~~~~~~[0m


[31mX [41;31m[[41;97mER
ROR[41;31m][0m 
[1mTS2571: Object is of 
type 'unknown'.[0m 
[1m[35m[plugin 
angular-compiler][0m

    src/app/shop/features/
categories/category-form/c
ategory-form.component.ts:
88:8:
[37m      88 Ôöé       : 
[32mthis.catService[37m.
create(data);
         ÔòÁ         
[32m~~~~~~~~~~~~~~~[0m


[31mX [41;31m[[41;97mER
ROR[41;31m][0m 
[1mTS2571: Object is of 
type 'unknown'.[0m 
[1m[35m[plugin 
angular-compiler][0m

    src/app/shop/features/
categories/category-form/c
ategory-form.component.ts:
91:8:
[37m      91 Ôöé         
[32mthis.msg[37m.success
(this.isEdit() ? 
'Category updated' : 
'Cat...
         ÔòÁ         
[32m~~~~~~~~[0m


[31mX [41;31m[[41;97mER
ROR[41;31m][0m 
[1mTS7006: Parameter 
'err' implicitly has an 
'any' type.[0m 
[1m[35m[plugin 
angular-compiler][0m

    src/app/shop/features/
categories/category-form/c
ategory-form.component.ts:
94:14:
[37m      94 Ôöé       
error: ([32merr[37m) => 
{
         ÔòÁ              
 [32m~~~[0m


[31mX [41;31m[[41;97mER
ROR[41;31m][0m 
[1mTS2571: Object is of 
type 'unknown'.[0m 
[1m[35m[plugin 
angular-compiler][0m

    src/app/shop/features/
categories/category-form/c
ategory-form.component.ts:
98:10:
[37m      98 Ôöé         
  [32mthis.msg[37m.error
(backendMsg);
         ÔòÁ           
[32m~~~~~~~~[0m


[31mX [41;31m[[41;97mER
ROR[41;31m][0m 
[1mTS2571: Object is of 
type 'unknown'.[0m 
[1m[35m[plugin 
angular-compiler][0m

    src/app/shop/features/
categories/category-form/c
ategory-form.component.ts:
100:10:
[37m      100 Ôöé        
   [32mthis.msg[37m.erro
r('An error occurred 
while saving');
          ÔòÁ           
[32m~~~~~~~~[0m


[31mX [41;31m[[41;97mER
ROR[41;31m][0m 
[1mCould not resolve "../
../../core/services/catego
ry.service"[0m

    src/app/shop/features/
categories/category-list/c
ategory-list.component.ts:
3:32:
[37m      3 Ôöé ...{ 
CategoryService } from [3
2m'../../../core/services/
category.service'[37m;
        ÔòÁ               
              [32m~~~~~~~
~~~~~~~~~~~~~~~~~~~~~~~~~~
~~~~~~~~[0m


[31mX [41;31m[[41;97mER
ROR[41;31m][0m 
[1mTS2307: Cannot find 
module '../../../core/serv
ices/category.service' or 
its corresponding type 
declarations.[0m 
[1m[35m[plugin 
angular-compiler][0m

    src/app/shop/features/
categories/category-list/c
ategory-list.component.ts:
3:32:
[37m      3 Ôöé ...{ 
CategoryService } from [3
2m'../../../core/services/
category.service'[37m;
        ÔòÁ               
              [32m~~~~~~~
~~~~~~~~~~~~~~~~~~~~~~~~~~
~~~~~~~~[0m


[31mX [41;31m[[41;97mER
ROR[41;31m][0m 
[1mCould not resolve "../
../../core/services/messag
e.service"[0m

    src/app/shop/features/
categories/category-list/c
ategory-list.component.ts:
4:31:
[37m      4 Ôöé ...t { 
MessageService } from [32
m'../../../core/services/m
essage.service'[37m;
        ÔòÁ               
               [32m~~~~~~
~~~~~~~~~~~~~~~~~~~~~~~~~~
~~~~~~~~[0m


[31mX [41;31m[[41;97mER
ROR[41;31m][0m 
[1mTS2307: Cannot find 
module '../../../core/serv
ices/message.service' or 
its corresponding type 
declarations.[0m 
[1m[35m[plugin 
angular-compiler][0m

    src/app/shop/features/
categories/category-list/c
ategory-list.component.ts:
4:31:
[37m      4 Ôöé ...t { 
MessageService } from [32
m'../../../core/services/m
essage.service'[37m;
        ÔòÁ               
               [32m~~~~~~
~~~~~~~~~~~~~~~~~~~~~~~~~~
~~~~~~~~[0m


[31mX [41;31m[[41;97mER
ROR[41;31m][0m 
[1mCould not resolve "../
../../shared/components/pa
gination/pagination.compon
ent"[0m

    src/app/shop/features/
categories/category-list/c
ategory-list.component.ts:
5:36:
[37m      5 Ôöé ...ent } 
from [32m'../../../shared
/components/pagination/pag
ination.com[37m...
        ÔòÁ               
[32m~~~~~~~~~~~~~~~~~~~~~
~~~~~~~~~~~~~~~~~~~~~~~~~~
~~~~~~[0m


[31mX [41;31m[[41;97mER
ROR[41;31m][0m 
[1mTS2307: Cannot find 
module '../../../shared/co
mponents/pagination/pagina
tion.component' or its 
corresponding type 
declarations.[0m 
[1m[35m[plugin 
angular-compiler][0m

    src/app/shop/features/
categories/category-list/c
ategory-list.component.ts:
5:36:
[37m      5 Ôöé ...ent } 
from [32m'../../../shared
/components/pagination/pag
ination.com[37m...
        ÔòÁ               
[32m~~~~~~~~~~~~~~~~~~~~~
~~~~~~~~~~~~~~~~~~~~~~~~~~
~~~~~~[0m


[31mX [41;31m[[41;97mER
ROR[41;31m][0m 
[1mCould not resolve "../
../../shared/components/co
nfirm-dialog/confirm-dialo
g.component"[0m

    src/app/shop/features/
categories/category-list/c
ategory-list.component.ts:
6:39:
[37m      6 Ôöé ...ent } 
from [32m'../../../shared
/components/confirm-dialog
/confirm-di[37m...
        ÔòÁ               
[32m~~~~~~~~~~~~~~~~~~~~~
~~~~~~~~~~~~~~~~~~~~~~~~~~
~~~~~~[0m


[31mX [41;31m[[41;97mER
ROR[41;31m][0m 
[1mTS2307: Cannot find 
module '../../../shared/co
mponents/confirm-dialog/co
nfirm-dialog.component' 
or its corresponding type 
declarations.[0m 
[1m[35m[plugin 
angular-compiler][0m

    src/app/shop/features/
categories/category-list/c
ategory-list.component.ts:
6:39:
[37m      6 Ôöé ...ent } 
from [32m'../../../shared
/components/confirm-dialog
/confirm-di[37m...
        ÔòÁ               
[32m~~~~~~~~~~~~~~~~~~~~~
~~~~~~~~~~~~~~~~~~~~~~~~~~
~~~~~~[0m


[31mX [41;31m[[41;97mER
ROR[41;31m][0m 
[1mTS2307: Cannot find 
module '../../../shared/mo
dels/category.model' or 
its corresponding type 
declarations.[0m 
[1m[35m[plugin 
angular-compiler][0m

    src/app/shop/features/
categories/category-list/c
ategory-list.component.ts:
7:30:
[37m      7 Ôöé import 
type { Category } from [3
2m'../../../shared/models/
category.model'[37m;
        ÔòÁ               
                [32m~~~~~
~~~~~~~~~~~~~~~~~~~~~~~~~~
~~~~~~~~[0m


[31mX [41;31m[[41;97mER
ROR[41;31m][0m 
[1mTS-991010: 'imports' 
must be an array of 
components, directives, 
pipes, or NgModules.
  Value is of type 
'[RouterLink, (not 
statically analyzable), 
(not statically 
analyzable)]'.[0m 
[1m[35m[plugin 
angular-compiler][0m

    src/app/shop/features/
categories/category-list/c
ategory-list.component.ts:
12:11:
[37m      12 Ôöé   
imports: 
[32m[RouterLink, 
PaginationComponent, Confi
rmDialogComponent][37m,
         ÔòÁ            [
32m~~~~~~~~~~~~~~~~~~~~~~~
~~~~~~~~~~~~~~~~~~~~~~~~~~
~~~~~~~~[0m


[31mX [41;31m[[41;97mER
ROR[41;31m][0m 
[1mTS-991010: 'imports' 
must be an array of 
components, directives, 
pipes, or NgModules.
  Value is of type 
'[RouterLink, (not 
statically analyzable), 
(not statically 
analyzable)]'.[0m 
[1m[35m[plugin 
angular-compiler][0m

    src/app/shop/features/
categories/category-list/c
ategory-list.component.ts:
12:11:
[37m      12 Ôöé   
imports: 
[32m[RouterLink, 
PaginationComponent, Confi
rmDialogComponent][37m,
         ÔòÁ            [
32m~~~~~~~~~~~~~~~~~~~~~~~
~~~~~~~~~~~~~~~~~~~~~~~~~~
~~~~~~~~[0m


[31mX [41;31m[[41;97mER
ROR[41;31m][0m 
[1mTS2571: Object is of 
type 'unknown'.[0m 
[1m[35m[plugin 
angular-compiler][0m

    src/app/shop/features/
categories/category-list/c
ategory-list.component.ts:
76:4:
[37m      76 Ôöé     [32
mthis.catService[37m.getA
ll(this.pageNo()).subscrib
e({
         ÔòÁ     
[32m~~~~~~~~~~~~~~~[0m


[31mX [41;31m[[41;97mER
ROR[41;31m][0m 
[1mTS7006: Parameter 
'res' implicitly has an 
'any' type.[0m 
[1m[35m[plugin 
angular-compiler][0m

    src/app/shop/features/
categories/category-list/c
ategory-list.component.ts:
77:12:
[37m      77 Ôöé       
next: [32mres[37m => { t
his.categories.set(res.con
tent); this.pageNo...
         ÔòÁ             
[32m~~~[0m


[31mX [41;31m[[41;97mER
ROR[41;31m][0m 
[1mTS2571: Object is of 
type 'unknown'.[0m 
[1m[35m[plugin 
angular-compiler][0m

    src/app/shop/features/
categories/category-list/c
ategory-list.component.ts:
85:4:
[37m      85 Ôöé     [32
mthis.catService[37m.dele
te(cat.id).subscribe({ 
next: () => { this....
         ÔòÁ     
[32m~~~~~~~~~~~~~~~[0m


[31mX [41;31m[[41;97mER
ROR[41;31m][0m 
[1mTS2571: Object is of 
type 'unknown'.[0m 
[1m[35m[plugin 
angular-compiler][0m

    src/app/shop/features/
categories/category-list/c
ategory-list.component.ts:
85:61:
[37m      85 Ôöé 
...).subscribe({ next: () 
=> { [32mthis.msg[37m.su
ccess('Category 
deleted'...
         ÔòÁ              
                  
[32m~~~~~~~~[0m


[31mX [41;31m[[41;97mER
ROR[41;31m][0m 
[1mCould not resolve "../
../../core/services/order.
service"[0m

    src/app/shop/features/
orders/checkout/checkout.c
omponent.ts:4:29:
[37m      4 Ôöé import { 
OrderService } from [32m'
../../../core/services/ord
er.service'[37m;
        ÔòÁ               
               [32m~~~~~~
~~~~~~~~~~~~~~~~~~~~~~~~~~
~~~~~~[0m


[31mX [41;31m[[41;97mER
ROR[41;31m][0m 
[1mTS2307: Cannot find 
module '../../../core/serv
ices/order.service' or 
its corresponding type 
declarations.[0m 
[1m[35m[plugin 
angular-compiler][0m

    src/app/shop/features/
orders/checkout/checkout.c
omponent.ts:4:29:
[37m      4 Ôöé import { 
OrderService } from [32m'
../../../core/services/ord
er.service'[37m;
        ÔòÁ               
               [32m~~~~~~
~~~~~~~~~~~~~~~~~~~~~~~~~~
~~~~~~[0m


[31mX [41;31m[[41;97mER
ROR[41;31m][0m 
[1mCould not resolve "../
../../core/services/auth.s
ervice"[0m

    src/app/shop/features/
orders/checkout/checkout.c
omponent.ts:5:28:
[37m      5 Ôöé import { 
AuthService } from [32m'.
./../../core/services/auth
.service'[37m;
        ÔòÁ               
              [32m~~~~~~~
~~~~~~~~~~~~~~~~~~~~~~~~~~
~~~~[0m


[31mX [41;31m[[41;97mER
ROR[41;31m][0m 
[1mTS2307: Cannot find 
module '../../../core/serv
ices/auth.service' or its 
corresponding type 
declarations.[0m 
[1m[35m[plugin 
angular-compiler][0m

    src/app/shop/features/
orders/checkout/checkout.c
omponent.ts:5:28:
[37m      5 Ôöé import { 
AuthService } from [32m'.
./../../core/services/auth
.service'[37m;
        ÔòÁ               
              [32m~~~~~~~
~~~~~~~~~~~~~~~~~~~~~~~~~~
~~~~[0m


[31mX [41;31m[[41;97mER
ROR[41;31m][0m 
[1mCould not resolve "../
../../core/services/messag
e.service"[0m

    src/app/shop/features/
orders/checkout/checkout.c
omponent.ts:6:31:
[37m      6 Ôöé ...t { 
MessageService } from [32
m'../../../core/services/m
essage.service'[37m;
        ÔòÁ               
               [32m~~~~~~
~~~~~~~~~~~~~~~~~~~~~~~~~~
~~~~~~~~[0m


[31mX [41;31m[[41;97mER
ROR[41;31m][0m 
[1mTS2307: Cannot find 
module '../../../core/serv
ices/message.service' or 
its corresponding type 
declarations.[0m 
[1m[35m[plugin 
angular-compiler][0m

    src/app/shop/features/
orders/checkout/checkout.c
omponent.ts:6:31:
[37m      6 Ôöé ...t { 
MessageService } from [32
m'../../../core/services/m
essage.service'[37m;
        ÔòÁ               
               [32m~~~~~~
~~~~~~~~~~~~~~~~~~~~~~~~~~
~~~~~~~~[0m


[31mX [41;31m[[41;97mER
ROR[41;31m][0m 
[1mCould not resolve "../
../../core/services/valida
tion.service"[0m

    src/app/shop/features/
orders/checkout/checkout.c
omponent.ts:7:34:
[37m      7 Ôöé 
...lidationService } from 
[32m'../../../core/servic
es/validation.service'[37
m;
        ÔòÁ               
            [32m~~~~~~~~~
~~~~~~~~~~~~~~~~~~~~~~~~~~
~~~~~~~~[0m


[31mX [41;31m[[41;97mER
ROR[41;31m][0m 
[1mTS2307: Cannot find 
module '../../../core/serv
ices/validation.service' 
or its corresponding type 
declarations.[0m 
[1m[35m[plugin 
angular-compiler][0m

    src/app/shop/features/
orders/checkout/checkout.c
omponent.ts:7:34:
[37m      7 Ôöé 
...lidationService } from 
[32m'../../../core/servic
es/validation.service'[37
m;
        ÔòÁ               
            [32m~~~~~~~~~
~~~~~~~~~~~~~~~~~~~~~~~~~~
~~~~~~~~[0m


[31mX [41;31m[[41;97mER
ROR[41;31m][0m 
[1mCould not resolve "../
../../core/services/cart.s
ervice"[0m

    src/app/shop/features/
orders/checkout/checkout.c
omponent.ts:8:28:
[37m      8 Ôöé import { 
CartService } from [32m'.
./../../core/services/cart
.service'[37m;
        ÔòÁ               
              [32m~~~~~~~
~~~~~~~~~~~~~~~~~~~~~~~~~~
~~~~[0m


[31mX [41;31m[[41;97mER
ROR[41;31m][0m 
[1mTS2307: Cannot find 
module '../../../core/serv
ices/cart.service' or its 
corresponding type 
declarations.[0m 
[1m[35m[plugin 
angular-compiler][0m

    src/app/shop/features/
orders/checkout/checkout.c
omponent.ts:8:28:
[37m      8 Ôöé import { 
CartService } from [32m'.
./../../core/services/cart
.service'[37m;
        ÔòÁ               
              [32m~~~~~~~
~~~~~~~~~~~~~~~~~~~~~~~~~~
~~~~[0m


[31mX [41;31m[[41;97mER
ROR[41;31m][0m 
[1mCould not resolve "../
../../core/services/paymen
t.service"[0m

    src/app/shop/features/
orders/checkout/checkout.c
omponent.ts:9:31:
[37m      9 Ôöé ...t { 
PaymentService } from [32
m'../../../core/services/p
ayment.service'[37m;
        ÔòÁ               
               [32m~~~~~~
~~~~~~~~~~~~~~~~~~~~~~~~~~
~~~~~~~~[0m


[31mX [41;31m[[41;97mER
ROR[41;31m][0m 
[1mTS2307: Cannot find 
module '../../../core/serv
ices/payment.service' or 
its corresponding type 
declarations.[0m 
[1m[35m[plugin 
angular-compiler][0m

    src/app/shop/features/
orders/checkout/checkout.c
omponent.ts:9:31:
[37m      9 Ôöé ...t { 
PaymentService } from [32
m'../../../core/services/p
ayment.service'[37m;
        ÔòÁ               
               [32m~~~~~~
~~~~~~~~~~~~~~~~~~~~~~~~~~
~~~~~~~~[0m


[31mX [41;31m[[41;97mER
ROR[41;31m][0m 
[1mTS2307: Cannot find 
module '../../../shared/mo
dels/cart.model' or its 
corresponding type 
declarations.[0m 
[1m[35m[plugin 
angular-compiler][0m

    src/app/shop/features/
orders/checkout/checkout.c
omponent.ts:10:26:
[37m      10 Ôöé import 
type { Cart } from [32m'.
./../../shared/models/cart
.model'[37m;
         ÔòÁ              
             [32m~~~~~~~~
~~~~~~~~~~~~~~~~~~~~~~~~~~
~[0m


[31mX [41;31m[[41;97mER
ROR[41;31m][0m [1mNG1: 
Object is of type 
'unknown'.[0m 
[1m[35m[plugin 
angular-compiler][0m

    src/app/shop/features/
orders/checkout/checkout.c
omponent.ts:40:106:
[37m      40 Ôöé ...one" 
[class.is-invalid]="vs.[3
2mgetErrorMessage[37m(for
m, 'telephone')" />
         ÔòÁ              
                  
[32m~~~~~~~~~~~~~~~[0m


[31mX [41;31m[[41;97mER
ROR[41;31m][0m [1mNG1: 
Object is of type 
'unknown'.[0m 
[1m[35m[plugin 
angular-compiler][0m

    src/app/shop/features/
orders/checkout/checkout.c
omponent.ts:41:20:
[37m      41 Ôöé         
    @if (vs.[32mgetErrorM
essage[37m(form, 
'telephone'); as msg) { 
...
         ÔòÁ              
       
[32m~~~~~~~~~~~~~~~[0m


[31mX [41;31m[[41;97mER
ROR[41;31m][0m [1mNG1: 
Object is of type 
'unknown'.[0m 
[1m[35m[plugin 
angular-compiler][0m

    src/app/shop/features/
orders/checkout/checkout.c
omponent.ts:41:20:
[37m      41 Ôöé         
    @if (vs.[32mgetErrorM
essage[37m(form, 
'telephone'); as msg) { 
...
         ÔòÁ              
       
[32m~~~~~~~~~~~~~~~[0m


[31mX [41;31m[[41;97mER
ROR[41;31m][0m [1mNG1: 
Object is of type 
'unknown'.[0m 
[1m[35m[plugin 
angular-compiler][0m

    src/app/shop/features/
orders/checkout/checkout.c
omponent.ts:59:108:
[37m      59 Ôöé ...de" [
class.is-invalid]="vs.[32
mgetErrorMessage[37m(form
, 'postalCode')" />
         ÔòÁ              
                 
[32m~~~~~~~~~~~~~~~[0m


[31mX [41;31m[[41;97mER
ROR[41;31m][0m [1mNG1: 
Object is of type 
'unknown'.[0m 
[1m[35m[plugin 
angular-compiler][0m

    src/app/shop/features/
orders/checkout/checkout.c
omponent.ts:60:20:
[37m      60 Ôöé         
    @if (vs.[32mgetErrorM
essage[37m(form, 
'postalCode'); as msg) 
{...
         ÔòÁ              
       
[32m~~~~~~~~~~~~~~~[0m


[31mX [41;31m[[41;97mER
ROR[41;31m][0m [1mNG1: 
Object is of type 
'unknown'.[0m 
[1m[35m[plugin 
angular-compiler][0m

    src/app/shop/features/
orders/checkout/checkout.c
omponent.ts:60:20:
[37m      60 Ôöé         
    @if (vs.[32mgetErrorM
essage[37m(form, 
'postalCode'); as msg) 
{...
         ÔòÁ              
       
[32m~~~~~~~~~~~~~~~[0m


[31mX [41;31m[[41;97mER
ROR[41;31m][0m 
[1mTS2571: Object is of 
type 'unknown'.[0m 
[1m[35m[plugin 
angular-compiler][0m

    src/app/shop/features/
orders/checkout/checkout.c
omponent.ts:103:4:
[37m      103 Ôöé     [3
2mthis.cartService[37m.ge
tMyCart().subscribe(items 
=> this.cartItem...
          ÔòÁ     
[32m~~~~~~~~~~~~~~~~[0m


[31mX [41;31m[[41;97mER
ROR[41;31m][0m 
[1mTS7006: Parameter 
'items' implicitly has an 
'any' type.[0m 
[1m[35m[plugin 
angular-compiler][0m

    src/app/shop/features/
orders/checkout/checkout.c
omponent.ts:103:43:
[37m      103 Ôöé ...ervi
ce.getMyCart().subscribe(
[32mitems[37m => this.car
tItems.set(items));
          ÔòÁ             
                    
[32m~~~~~[0m


[31mX [41;31m[[41;97mER
ROR[41;31m][0m 
[1mTS2571: Object is of 
type 'unknown'.[0m 
[1m[35m[plugin 
angular-compiler][0m

    src/app/shop/features/
orders/checkout/checkout.c
omponent.ts:126:6:
[37m      126 Ôöé       
[32mthis.msg[37m.info('In
itiating payment 
session...');
          ÔòÁ       
[32m~~~~~~~~[0m


[31mX [41;31m[[41;97mER
ROR[41;31m][0m 
[1mTS2571: Object is of 
type 'unknown'.[0m 
[1m[35m[plugin 
angular-compiler][0m

    src/app/shop/features/
orders/checkout/checkout.c
omponent.ts:141:6:
[37m      141 Ôöé       
[32mthis.paymentService[3
7m.initiate({
          ÔòÁ       [32m~
~~~~~~~~~~~~~~~~~~[0m


[31mX [41;31m[[41;97mER
ROR[41;31m][0m 
[1mTS7006: Parameter 
'res' implicitly has an 
'any' type.[0m 
[1m[35m[plugin 
angular-compiler][0m

    src/app/shop/features/
orders/checkout/checkout.c
omponent.ts:146:15:
[37m      146 Ôöé        
 next: ([32mres[37m) => 
{
          ÔòÁ             
   [32m~~~[0m


[31mX [41;31m[[41;97mER
ROR[41;31m][0m 
[1mTS7006: Parameter 
'err' implicitly has an 
'any' type.[0m 
[1m[35m[plugin 
angular-compiler][0m

    src/app/shop/features/
orders/checkout/checkout.c
omponent.ts:156:16:
[37m      156 Ôöé        
 error: ([32merr[37m) 
=> {
          ÔòÁ             
    [32m~~~[0m


[31mX [41;31m[[41;97mER
ROR[41;31m][0m 
[1mTS2571: Object is of 
type 'unknown'.[0m 
[1m[35m[plugin 
angular-compiler][0m

    src/app/shop/features/
orders/checkout/checkout.c
omponent.ts:158:10:
[37m      158 Ôöé        
   [32mthis.msg[37m.erro
r('Failed to initiate 
payment: ' + (err.er...
          ÔòÁ           
[32m~~~~~~~~[0m


[31mX [41;31m[[41;97mER
ROR[41;31m][0m 
[1mTS2571: Object is of 
type 'unknown'.[0m 
[1m[35m[plugin 
angular-compiler][0m

    src/app/shop/features/
orders/checkout/checkout.c
omponent.ts:167:4:
[37m      167 Ôöé     [3
2mthis.orderService[37m.p
laceOrder(this.form.getRaw
Value()).subscri...
          ÔòÁ     
[32m~~~~~~~~~~~~~~~~~[0m


[31mX [41;31m[[41;97mER
ROR[41;31m][0m 
[1mTS2571: Object is of 
type 'unknown'.[0m 
[1m[35m[plugin 
angular-compiler][0m

    src/app/shop/features/
orders/checkout/checkout.c
omponent.ts:169:8:
[37m      169 Ôöé        
 [32mthis.msg[37m.succes
s('Order placed 
successfully!');
          ÔòÁ         
[32m~~~~~~~~[0m


[31mX [41;31m[[41;97mER
ROR[41;31m][0m 
[1mTS7006: Parameter 
'err' implicitly has an 
'any' type.[0m 
[1m[35m[plugin 
angular-compiler][0m

    src/app/shop/features/
orders/checkout/checkout.c
omponent.ts:173:14:
[37m      173 Ôöé       
error: ([32merr[37m) => 
{
          ÔòÁ             
  [32m~~~[0m


[31mX [41;31m[[41;97mER
ROR[41;31m][0m 
[1mTS2571: Object is of 
type 'unknown'.[0m 
[1m[35m[plugin 
angular-compiler][0m

    src/app/shop/features/
orders/checkout/checkout.c
omponent.ts:174:8:
[37m      174 Ôöé        
 [32mthis.vs[37m.handleB
ackendErrors(this.form, 
err);
          ÔòÁ         
[32m~~~~~~~[0m


[31mX [41;31m[[41;97mER
ROR[41;31m][0m 
[1mTS2571: Object is of 
type 'unknown'.[0m 
[1m[35m[plugin 
angular-compiler][0m

    src/app/shop/features/
orders/checkout/checkout.c
omponent.ts:176:10:
[37m      176 Ôöé        
   [32mthis.msg[37m.erro
r('Failed to place 
order');
          ÔòÁ           
[32m~~~~~~~~[0m


[31mX [41;31m[[41;97mER
ROR[41;31m][0m 
[1mCould not resolve "../
../../core/services/order.
service"[0m

    src/app/shop/features/
orders/order-admin/order-a
dmin.component.ts:4:29:
[37m      4 Ôöé import { 
OrderService } from [32m'
../../../core/services/ord
er.service'[37m;
        ÔòÁ               
               [32m~~~~~~
~~~~~~~~~~~~~~~~~~~~~~~~~~
~~~~~~[0m


[31mX [41;31m[[41;97mER
ROR[41;31m][0m 
[1mTS2307: Cannot find 
module '../../../core/serv
ices/order.service' or 
its corresponding type 
declarations.[0m 
[1m[35m[plugin 
angular-compiler][0m

    src/app/shop/features/
orders/order-admin/order-a
dmin.component.ts:4:29:
[37m      4 Ôöé import { 
OrderService } from [32m'
../../../core/services/ord
er.service'[37m;
        ÔòÁ               
               [32m~~~~~~
~~~~~~~~~~~~~~~~~~~~~~~~~~
~~~~~~[0m


[31mX [41;31m[[41;97mER
ROR[41;31m][0m 
[1mCould not resolve "../
../../core/services/messag
e.service"[0m

    src/app/shop/features/
orders/order-admin/order-a
dmin.component.ts:5:31:
[37m      5 Ôöé ...t { 
MessageService } from [32
m'../../../core/services/m
essage.service'[37m;
        ÔòÁ               
               [32m~~~~~~
~~~~~~~~~~~~~~~~~~~~~~~~~~
~~~~~~~~[0m


[31mX [41;31m[[41;97mER
ROR[41;31m][0m 
[1mTS2307: Cannot find 
module '../../../core/serv
ices/message.service' or 
its corresponding type 
declarations.[0m 
[1m[35m[plugin 
angular-compiler][0m

    src/app/shop/features/
orders/order-admin/order-a
dmin.component.ts:5:31:
[37m      5 Ôöé ...t { 
MessageService } from [32
m'../../../core/services/m
essage.service'[37m;
        ÔòÁ               
               [32m~~~~~~
~~~~~~~~~~~~~~~~~~~~~~~~~~
~~~~~~~~[0m


[31mX [41;31m[[41;97mER
ROR[41;31m][0m 
[1mCould not resolve "../
../../shared/components/pa
gination/pagination.compon
ent"[0m

    src/app/shop/features/
orders/order-admin/order-a
dmin.component.ts:6:36:
[37m      6 Ôöé ...ent } 
from [32m'../../../shared
/components/pagination/pag
ination.com[37m...
        ÔòÁ               
[32m~~~~~~~~~~~~~~~~~~~~~
~~~~~~~~~~~~~~~~~~~~~~~~~~
~~~~~~[0m


[31mX [41;31m[[41;97mER
ROR[41;31m][0m 
[1mTS2307: Cannot find 
module '../../../shared/co
mponents/pagination/pagina
tion.component' or its 
corresponding type 
declarations.[0m 
[1m[35m[plugin 
angular-compiler][0m

    src/app/shop/features/
orders/order-admin/order-a
dmin.component.ts:6:36:
[37m      6 Ôöé ...ent } 
from [32m'../../../shared
/components/pagination/pag
ination.com[37m...
        ÔòÁ               
[32m~~~~~~~~~~~~~~~~~~~~~
~~~~~~~~~~~~~~~~~~~~~~~~~~
~~~~~~[0m


[31mX [41;31m[[41;97mER
ROR[41;31m][0m 
[1mTS2307: Cannot find 
module '../../../shared/mo
dels/order.model' or its 
corresponding type 
declarations.[0m 
[1m[35m[plugin 
angular-compiler][0m

    src/app/shop/features/
orders/order-admin/order-a
dmin.component.ts:7:34:
[37m      7 Ôöé ...rt 
type { ProductOrder } 
from [32m'../../../shared
/models/order.model'[37m;
        ÔòÁ               
                   [32m~~
~~~~~~~~~~~~~~~~~~~~~~~~~~
~~~~~~~~[0m


[31mX [41;31m[[41;97mER
ROR[41;31m][0m 
[1mTS-991010: 'imports' 
must be an array of 
components, directives, 
pipes, or NgModules.
  Value is of type 
'[FormsModule, (not 
statically analyzable), 
DecimalPipe]'.[0m 
[1m[35m[plugin 
angular-compiler][0m

    src/app/shop/features/
orders/order-admin/order-a
dmin.component.ts:12:11:
[37m      12 Ôöé   
imports: 
[32m[FormsModule, 
PaginationComponent, 
DecimalPipe][37m,
         ÔòÁ            [
32m~~~~~~~~~~~~~~~~~~~~~~~
~~~~~~~~~~~~~~~~~~~~~~~~[
0m


[31mX [41;31m[[41;97mER
ROR[41;31m][0m 
[1mTS2571: Object is of 
type 'unknown'.[0m 
[1m[35m[plugin 
angular-compiler][0m

    src/app/shop/features/
orders/order-admin/order-a
dmin.component.ts:82:4:
[37m      82 Ôöé     [32
mthis.orderService[37m.ge
tAll(this.pageNo()).subscr
ibe({
         ÔòÁ     
[32m~~~~~~~~~~~~~~~~~[0m


[31mX [41;31m[[41;97mER
ROR[41;31m][0m 
[1mTS7006: Parameter 
'res' implicitly has an 
'any' type.[0m 
[1m[35m[plugin 
angular-compiler][0m

    src/app/shop/features/
orders/order-admin/order-a
dmin.component.ts:83:12:
[37m      83 Ôöé       
next: [32mres[37m => { t
his.orders.set(res.content
); this.pageNo.set...
         ÔòÁ             
[32m~~~[0m


[31mX [41;31m[[41;97mER
ROR[41;31m][0m 
[1mTS2571: Object is of 
type 'unknown'.[0m 
[1m[35m[plugin 
angular-compiler][0m

    src/app/shop/features/
orders/order-admin/order-a
dmin.component.ts:92:4:
[37m      92 Ôöé     [32
mthis.orderService[37m.se
archByOrderId(id).subscrib
e({
         ÔòÁ     
[32m~~~~~~~~~~~~~~~~~[0m


[31mX [41;31m[[41;97mER
ROR[41;31m][0m 
[1mTS7006: Parameter 'o' 
implicitly has an 'any' 
type.[0m 
[1m[35m[plugin 
angular-compiler][0m

    src/app/shop/features/
orders/order-admin/order-a
dmin.component.ts:93:12:
[37m      93 Ôöé       
next: [32mo[37m => { 
this.orders.set([o]); 
this.totalPages.set(1); 
t...
         ÔòÁ             
[32m^[0m


[31mX [41;31m[[41;97mER
ROR[41;31m][0m 
[1mTS2571: Object is of 
type 'unknown'.[0m 
[1m[35m[plugin 
angular-compiler][0m

    src/app/shop/features/
orders/order-admin/order-a
dmin.component.ts:103:4:
[37m      103 Ôöé     [3
2mthis.orderService[37m.u
pdateStatus(orderId, 
val).subscribe({
          ÔòÁ     
[32m~~~~~~~~~~~~~~~~~[0m


[31mX [41;31m[[41;97mER
ROR[41;31m][0m 
[1mTS2571: Object is of 
type 'unknown'.[0m 
[1m[35m[plugin 
angular-compiler][0m

    src/app/shop/features/
orders/order-admin/order-a
dmin.component.ts:104:20:
[37m      104 Ôöé       
next: () => { [32mthis.ms
g[37m.success('Status 
updated'); this.load...
          ÔòÁ             
        [32m~~~~~~~~[0m


[31mX [41;31m[[41;97mER
ROR[41;31m][0m 
[1mCould not resolve "../
../../core/services/order.
service"[0m

    src/app/shop/features/
orders/order-detail/order-
detail.component.ts:4:29:
[37m      4 Ôöé import { 
OrderService } from [32m'
../../../core/services/ord
er.service'[37m;
        ÔòÁ               
               [32m~~~~~~
~~~~~~~~~~~~~~~~~~~~~~~~~~
~~~~~~[0m


[31mX [41;31m[[41;97mER
ROR[41;31m][0m 
[1mTS2307: Cannot find 
module '../../../core/serv
ices/order.service' or 
its corresponding type 
declarations.[0m 
[1m[35m[plugin 
angular-compiler][0m

    src/app/shop/features/
orders/order-detail/order-
detail.component.ts:4:29:
[37m      4 Ôöé import { 
OrderService } from [32m'
../../../core/services/ord
er.service'[37m;
        ÔòÁ               
               [32m~~~~~~
~~~~~~~~~~~~~~~~~~~~~~~~~~
~~~~~~[0m


[31mX [41;31m[[41;97mER
ROR[41;31m][0m 
[1mCould not resolve "../
../../core/services/messag
e.service"[0m

    src/app/shop/features/
orders/order-detail/order-
detail.component.ts:5:31:
[37m      5 Ôöé ...t { 
MessageService } from [32
m'../../../core/services/m
essage.service'[37m;
        ÔòÁ               
               [32m~~~~~~
~~~~~~~~~~~~~~~~~~~~~~~~~~
~~~~~~~~[0m


[31mX [41;31m[[41;97mER
ROR[41;31m][0m 
[1mTS2307: Cannot find 
module '../../../core/serv
ices/message.service' or 
its corresponding type 
declarations.[0m 
[1m[35m[plugin 
angular-compiler][0m

    src/app/shop/features/
orders/order-detail/order-
detail.component.ts:5:31:
[37m      5 Ôöé ...t { 
MessageService } from [32
m'../../../core/services/m
essage.service'[37m;
        ÔòÁ               
               [32m~~~~~~
~~~~~~~~~~~~~~~~~~~~~~~~~~
~~~~~~~~[0m


[31mX [41;31m[[41;97mER
ROR[41;31m][0m 
[1mTS2307: Cannot find 
module '../../../shared/mo
dels/order.model' or its 
corresponding type 
declarations.[0m 
[1m[35m[plugin 
angular-compiler][0m

    src/app/shop/features/
orders/order-detail/order-
detail.component.ts:6:34:
[37m      6 Ôöé ...rt 
type { ProductOrder } 
from [32m'../../../shared
/models/order.model'[37m;
        ÔòÁ               
                   [32m~~
~~~~~~~~~~~~~~~~~~~~~~~~~~
~~~~~~~~[0m


[31mX [41;31m[[41;97mER
ROR[41;31m][0m 
[1mTS2571: Object is of 
type 'unknown'.[0m 
[1m[35m[plugin 
angular-compiler][0m

    src/app/shop/features/
orders/order-detail/order-
detail.component.ts:110:4:
[37m      110 Ôöé     [3
2mthis.orderService[37m.g
etById(id).subscribe({
          ÔòÁ     
[32m~~~~~~~~~~~~~~~~~[0m


[31mX [41;31m[[41;97mER
ROR[41;31m][0m 
[1mTS7006: Parameter 'o' 
implicitly has an 'any' 
type.[0m 
[1m[35m[plugin 
angular-compiler][0m

    src/app/shop/features/
orders/order-detail/order-
detail.component.ts:111:13
:
[37m      111 Ôöé       
next: ([32mo[37m) => {
          ÔòÁ             
 [32m^[0m


[31mX [41;31m[[41;97mER
ROR[41;31m][0m 
[1mTS2571: Object is of 
type 'unknown'.[0m 
[1m[35m[plugin 
angular-compiler][0m

    src/app/shop/features/
orders/order-detail/order-
detail.component.ts:116:8:
[37m      116 Ôöé        
 [32mthis.msg[37m.error(
'Order not found');
          ÔòÁ         
[32m~~~~~~~~[0m


[31mX [41;31m[[41;97mER
ROR[41;31m][0m 
[1mCould not resolve "../
../../core/services/order.
service"[0m

    src/app/shop/features/
orders/order-form/order-fo
rm.component.ts:5:29:
[37m      5 Ôöé import { 
OrderService } from [32m'
../../../core/services/ord
er.service'[37m;
        ÔòÁ               
               [32m~~~~~~
~~~~~~~~~~~~~~~~~~~~~~~~~~
~~~~~~[0m


[31mX [41;31m[[41;97mER
ROR[41;31m][0m 
[1mTS2307: Cannot find 
module '../../../core/serv
ices/order.service' or 
its corresponding type 
declarations.[0m 
[1m[35m[plugin 
angular-compiler][0m

    src/app/shop/features/
orders/order-form/order-fo
rm.component.ts:5:29:
[37m      5 Ôöé import { 
OrderService } from [32m'
../../../core/services/ord
er.service'[37m;
        ÔòÁ               
               [32m~~~~~~
~~~~~~~~~~~~~~~~~~~~~~~~~~
~~~~~~[0m


[31mX [41;31m[[41;97mER
ROR[41;31m][0m 
[1mCould not resolve "../
../../core/services/messag
e.service"[0m

    src/app/shop/features/
orders/order-form/order-fo
rm.component.ts:6:31:
[37m      6 Ôöé ...t { 
MessageService } from [32
m'../../../core/services/m
essage.service'[37m;
        ÔòÁ               
               [32m~~~~~~
~~~~~~~~~~~~~~~~~~~~~~~~~~
~~~~~~~~[0m


[31mX [41;31m[[41;97mER
ROR[41;31m][0m 
[1mTS2307: Cannot find 
module '../../../core/serv
ices/message.service' or 
its corresponding type 
declarations.[0m 
[1m[35m[plugin 
angular-compiler][0m

    src/app/shop/features/
orders/order-form/order-fo
rm.component.ts:6:31:
[37m      6 Ôöé ...t { 
MessageService } from [32
m'../../../core/services/m
essage.service'[37m;
        ÔòÁ               
               [32m~~~~~~
~~~~~~~~~~~~~~~~~~~~~~~~~~
~~~~~~~~[0m


[31mX [41;31m[[41;97mER
ROR[41;31m][0m 
[1mCould not resolve "../
../../core/services/valida
tion.service"[0m

    src/app/shop/features/
orders/order-form/order-fo
rm.component.ts:7:34:
[37m      7 Ôöé 
...lidationService } from 
[32m'../../../core/servic
es/validation.service'[37
m;
        ÔòÁ               
            [32m~~~~~~~~~
~~~~~~~~~~~~~~~~~~~~~~~~~~
~~~~~~~~[0m


[31mX [41;31m[[41;97mER
ROR[41;31m][0m 
[1mTS2307: Cannot find 
module '../../../core/serv
ices/validation.service' 
or its corresponding type 
declarations.[0m 
[1m[35m[plugin 
angular-compiler][0m

    src/app/shop/features/
orders/order-form/order-fo
rm.component.ts:7:34:
[37m      7 Ôöé 
...lidationService } from 
[32m'../../../core/servic
es/validation.service'[37
m;
        ÔòÁ               
            [32m~~~~~~~~~
~~~~~~~~~~~~~~~~~~~~~~~~~~
~~~~~~~~[0m


[31mX [41;31m[[41;97mER
ROR[41;31m][0m 
[1mTS2307: Cannot find 
module '../../../shared/mo
dels/order.model' or its 
corresponding type 
declarations.[0m 
[1m[35m[plugin 
angular-compiler][0m

    src/app/shop/features/
orders/order-form/order-fo
rm.component.ts:8:51:
[37m      8 Ôöé 
...Order, OrderStatusEnum 
} from [32m'../../../shar
ed/models/order.model'[37
m;
        ÔòÁ               
                   [32m~~
~~~~~~~~~~~~~~~~~~~~~~~~~~
~~~~~~~~[0m


[31mX [41;31m[[41;97mER
ROR[41;31m][0m [1mNG1: 
Object is of type 
'unknown'.[0m 
[1m[35m[plugin 
angular-compiler][0m

    src/app/shop/features/
orders/order-form/order-fo
rm.component.ts:68:110:
[37m      68 Ôöé ... [cla
ss.is-invalid]="vs.[32mge
tErrorMessage[37m(form.co
ntrols.orderAddr...
         ÔòÁ              
              
[32m~~~~~~~~~~~~~~~[0m


[31mX [41;31m[[41;97mER
ROR[41;31m][0m [1mNG1: 
Object is of type 
'unknown'.[0m 
[1m[35m[plugin 
angular-compiler][0m

    src/app/shop/features/
orders/order-form/order-fo
rm.component.ts:69:24:
[37m      69 Ôöé         
        @if (vs.[32mgetEr
rorMessage[37m(form.contr
ols.orderAddress...
         ÔòÁ              
           
[32m~~~~~~~~~~~~~~~[0m


[31mX [41;31m[[41;97mER
ROR[41;31m][0m [1mNG1: 
Object is of type 
'unknown'.[0m 
[1m[35m[plugin 
angular-compiler][0m

    src/app/shop/features/
orders/order-form/order-fo
rm.component.ts:69:24:
[37m      69 Ôöé         
        @if (vs.[32mgetEr
rorMessage[37m(form.contr
ols.orderAddress...
         ÔòÁ              
           
[32m~~~~~~~~~~~~~~~[0m


[31mX [41;31m[[41;97mER
ROR[41;31m][0m [1mNG1: 
Object is of type 
'unknown'.[0m 
[1m[35m[plugin 
angular-compiler][0m

    src/app/shop/features/
orders/order-form/order-fo
rm.component.ts:85:112:
[37m      85 Ôöé ... [cla
ss.is-invalid]="vs.[32mge
tErrorMessage[37m(form.co
ntrols.orderAddr...
         ÔòÁ              
              
[32m~~~~~~~~~~~~~~~[0m


[31mX [41;31m[[41;97mER
ROR[41;31m][0m [1mNG1: 
Object is of type 
'unknown'.[0m 
[1m[35m[plugin 
angular-compiler][0m

    src/app/shop/features/
orders/order-form/order-fo
rm.component.ts:86:24:
[37m      86 Ôöé         
        @if (vs.[32mgetEr
rorMessage[37m(form.contr
ols.orderAddress...
         ÔòÁ              
           
[32m~~~~~~~~~~~~~~~[0m


[31mX [41;31m[[41;97mER
ROR[41;31m][0m [1mNG1: 
Object is of type 
'unknown'.[0m 
[1m[35m[plugin 
angular-compiler][0m

    src/app/shop/features/
orders/order-form/order-fo
rm.component.ts:86:24:
[37m      86 Ôöé         
        @if (vs.[32mgetEr
rorMessage[37m(form.contr
ols.orderAddress...
         ÔòÁ              
           
[32m~~~~~~~~~~~~~~~[0m


[31mX [41;31m[[41;97mER
ROR[41;31m][0m 
[1mTS2571: Object is of 
type 'unknown'.[0m 
[1m[35m[plugin 
angular-compiler][0m

    src/app/shop/features/
orders/order-form/order-fo
rm.component.ts:152:13:
[37m      152 Ôöé       
order: [32mthis.orderServ
ice[37m.getById(this.inte
rnalId),
          ÔòÁ             
 
[32m~~~~~~~~~~~~~~~~~[0m


[31mX [41;31m[[41;97mER
ROR[41;31m][0m 
[1mTS2571: Object is of 
type 'unknown'.[0m 
[1m[35m[plugin 
angular-compiler][0m

    src/app/shop/features/
orders/order-form/order-fo
rm.component.ts:153:14:
[37m      153 Ôöé       
stList: [32mthis.orderSer
vice[37m.getStatuses()
          ÔòÁ             
  
[32m~~~~~~~~~~~~~~~~~[0m


[31mX [41;31m[[41;97mER
ROR[41;31m][0m 
[1mTS2571: Object is of 
type 'unknown'.[0m 
[1m[35m[plugin 
angular-compiler][0m

    src/app/shop/features/
orders/order-form/order-fo
rm.component.ts:178:8:
[37m      178 Ôöé        
 [32mthis.msg[37m.error(
'Error loading data');
          ÔòÁ         
[32m~~~~~~~~[0m


[31mX [41;31m[[41;97mER
ROR[41;31m][0m 
[1mTS2571: Object is of 
type 'unknown'.[0m 
[1m[35m[plugin 
angular-compiler][0m

    src/app/shop/features/
orders/order-form/order-fo
rm.component.ts:187:4:
[37m      187 Ôöé     [3
2mthis.orderService[37m.u
pdate(this.internalId, 
data).subscribe({
          ÔòÁ     
[32m~~~~~~~~~~~~~~~~~[0m


[31mX [41;31m[[41;97mER
ROR[41;31m][0m 
[1mTS2571: Object is of 
type 'unknown'.[0m 
[1m[35m[plugin 
angular-compiler][0m

    src/app/shop/features/
orders/order-form/order-fo
rm.component.ts:189:8:
[37m      189 Ôöé        
 [32mthis.msg[37m.succes
s('Order updated');
          ÔòÁ         
[32m~~~~~~~~[0m


[31mX [41;31m[[41;97mER
ROR[41;31m][0m 
[1mTS7006: Parameter 
'err' implicitly has an 
'any' type.[0m 
[1m[35m[plugin 
angular-compiler][0m

    src/app/shop/features/
orders/order-form/order-fo
rm.component.ts:192:14:
[37m      192 Ôöé       
error: ([32merr[37m) => 
{
          ÔòÁ             
  [32m~~~[0m


[31mX [41;31m[[41;97mER
ROR[41;31m][0m 
[1mTS2571: Object is of 
type 'unknown'.[0m 
[1m[35m[plugin 
angular-compiler][0m

    src/app/shop/features/
orders/order-form/order-fo
rm.component.ts:193:8:
[37m      193 Ôöé        
 [32mthis.vs[37m.handleB
ackendErrors(this.form.con
trols.orderAddre...
          ÔòÁ         
[32m~~~~~~~[0m


[31mX [41;31m[[41;97mER
ROR[41;31m][0m 
[1mTS2571: Object is of 
type 'unknown'.[0m 
[1m[35m[plugin 
angular-compiler][0m

    src/app/shop/features/
orders/order-form/order-fo
rm.component.ts:195:10:
[37m      195 Ôöé        
   [32mthis.msg[37m.erro
r('Error updating order');
          ÔòÁ           
[32m~~~~~~~~[0m


[31mX [41;31m[[41;97mER
ROR[41;31m][0m 
[1mCould not resolve "../
../../core/services/order.
service"[0m

    src/app/shop/features/
orders/order-list/order-li
st.component.ts:4:29:
[37m      4 Ôöé import { 
OrderService } from [32m'
../../../core/services/ord
er.service'[37m;
        ÔòÁ               
               [32m~~~~~~
~~~~~~~~~~~~~~~~~~~~~~~~~~
~~~~~~[0m


[31mX [41;31m[[41;97mER
ROR[41;31m][0m 
[1mTS2307: Cannot find 
module '../../../core/serv
ices/order.service' or 
its corresponding type 
declarations.[0m 
[1m[35m[plugin 
angular-compiler][0m

    src/app/shop/features/
orders/order-list/order-li
st.component.ts:4:29:
[37m      4 Ôöé import { 
OrderService } from [32m'
../../../core/services/ord
er.service'[37m;
        ÔòÁ               
               [32m~~~~~~
~~~~~~~~~~~~~~~~~~~~~~~~~~
~~~~~~[0m


[31mX [41;31m[[41;97mER
ROR[41;31m][0m 
[1mCould not resolve "../
../../core/services/auth.s
ervice"[0m

    src/app/shop/features/
orders/order-list/order-li
st.component.ts:5:28:
[37m      5 Ôöé import { 
AuthService } from [32m'.
./../../core/services/auth
.service'[37m;
        ÔòÁ               
              [32m~~~~~~~
~~~~~~~~~~~~~~~~~~~~~~~~~~
~~~~[0m


[31mX [41;31m[[41;97mER
ROR[41;31m][0m 
[1mTS2307: Cannot find 
module '../../../core/serv
ices/auth.service' or its 
corresponding type 
declarations.[0m 
[1m[35m[plugin 
angular-compiler][0m

    src/app/shop/features/
orders/order-list/order-li
st.component.ts:5:28:
[37m      5 Ôöé import { 
AuthService } from [32m'.
./../../core/services/auth
.service'[37m;
        ÔòÁ               
              [32m~~~~~~~
~~~~~~~~~~~~~~~~~~~~~~~~~~
~~~~[0m


[31mX [41;31m[[41;97mER
ROR[41;31m][0m 
[1mCould not resolve "../
../../core/services/messag
e.service"[0m

    src/app/shop/features/
orders/order-list/order-li
st.component.ts:6:31:
[37m      6 Ôöé ...t { 
MessageService } from [32
m'../../../core/services/m
essage.service'[37m;
        ÔòÁ               
               [32m~~~~~~
~~~~~~~~~~~~~~~~~~~~~~~~~~
~~~~~~~~[0m


[31mX [41;31m[[41;97mER
ROR[41;31m][0m 
[1mTS2307: Cannot find 
module '../../../core/serv
ices/message.service' or 
its corresponding type 
declarations.[0m 
[1m[35m[plugin 
angular-compiler][0m

    src/app/shop/features/
orders/order-list/order-li
st.component.ts:6:31:
[37m      6 Ôöé ...t { 
MessageService } from [32
m'../../../core/services/m
essage.service'[37m;
        ÔòÁ               
               [32m~~~~~~
~~~~~~~~~~~~~~~~~~~~~~~~~~
~~~~~~~~[0m


[31mX [41;31m[[41;97mER
ROR[41;31m][0m 
[1mCould not resolve "../
../../shared/components/co
nfirm-dialog/confirm-dialo
g.component"[0m

    src/app/shop/features/
orders/order-list/order-li
st.component.ts:7:39:
[37m      7 Ôöé ...ent } 
from [32m'../../../shared
/components/confirm-dialog
/confirm-di[37m...
        ÔòÁ               
[32m~~~~~~~~~~~~~~~~~~~~~
~~~~~~~~~~~~~~~~~~~~~~~~~~
~~~~~~[0m


[31mX [41;31m[[41;97mER
ROR[41;31m][0m 
[1mTS2307: Cannot find 
module '../../../shared/co
mponents/confirm-dialog/co
nfirm-dialog.component' 
or its corresponding type 
declarations.[0m 
[1m[35m[plugin 
angular-compiler][0m

    src/app/shop/features/
orders/order-list/order-li
st.component.ts:7:39:
[37m      7 Ôöé ...ent } 
from [32m'../../../shared
/components/confirm-dialog
/confirm-di[37m...
        ÔòÁ               
[32m~~~~~~~~~~~~~~~~~~~~~
~~~~~~~~~~~~~~~~~~~~~~~~~~
~~~~~~[0m


[31mX [41;31m[[41;97mER
ROR[41;31m][0m 
[1mTS2307: Cannot find 
module '../../../shared/mo
dels/order.model' or its 
corresponding type 
declarations.[0m 
[1m[35m[plugin 
angular-compiler][0m

    src/app/shop/features/
orders/order-list/order-li
st.component.ts:8:34:
[37m      8 Ôöé ...rt 
type { ProductOrder } 
from [32m'../../../shared
/models/order.model'[37m;
        ÔòÁ               
                   [32m~~
~~~~~~~~~~~~~~~~~~~~~~~~~~
~~~~~~~~[0m


[31mX [41;31m[[41;97mER
ROR[41;31m][0m 
[1mTS-991010: 'imports' 
must be an array of 
components, directives, 
pipes, or NgModules.
  Value is of type 
'[DecimalPipe, (not 
statically 
analyzable)]'.[0m 
[1m[35m[plugin 
angular-compiler][0m

    src/app/shop/features/
orders/order-list/order-li
st.component.ts:13:11:
[37m      13 Ôöé   
imports: 
[32m[DecimalPipe, Confirm
DialogComponent][37m,
         ÔòÁ            [
32m~~~~~~~~~~~~~~~~~~~~~~~
~~~~~~~~~~~~~~[0m


[31mX [41;31m[[41;97mER
ROR[41;31m][0m 
[1mTS2571: Object is of 
type 'unknown'.[0m 
[1m[35m[plugin 
angular-compiler][0m

    src/app/shop/features/
orders/order-list/order-li
st.component.ts:74:9:
[37m      74 Ôöé     if (
![32mthis.auth[37m.isLog
gedIn()) {
         ÔòÁ          
[32m~~~~~~~~~[0m


[31mX [41;31m[[41;97mER
ROR[41;31m][0m 
[1mTS2571: Object is of 
type 'unknown'.[0m 
[1m[35m[plugin 
angular-compiler][0m

    src/app/shop/features/
orders/order-list/order-li
st.component.ts:79:4:
[37m      79 Ôöé     [32
mthis.orderService[37m.ge
tMyOrders().subscribe({
         ÔòÁ     
[32m~~~~~~~~~~~~~~~~~[0m


[31mX [41;31m[[41;97mER
ROR[41;31m][0m 
[1mTS7006: Parameter 'o' 
implicitly has an 'any' 
type.[0m 
[1m[35m[plugin 
angular-compiler][0m

    src/app/shop/features/
orders/order-list/order-li
st.component.ts:80:12:
[37m      80 Ôöé       
next: [32mo[37m => { 
this.orders.set(o); 
this.loading.set(false); 
},
         ÔòÁ             
[32m^[0m


[31mX [41;31m[[41;97mER
ROR[41;31m][0m 
[1mTS2571: Object is of 
type 'unknown'.[0m 
[1m[35m[plugin 
angular-compiler][0m

    src/app/shop/features/
orders/order-list/order-li
st.component.ts:107:4:
[37m      107 Ôöé     [3
2mthis.orderService[37m.d
elete(order.id).subscribe(
{
          ÔòÁ     
[32m~~~~~~~~~~~~~~~~~[0m


[31mX [41;31m[[41;97mER
ROR[41;31m][0m 
[1mTS2571: Object is of 
type 'unknown'.[0m 
[1m[35m[plugin 
angular-compiler][0m

    src/app/shop/features/
orders/order-list/order-li
st.component.ts:109:8:
[37m      109 Ôöé        
 [32mthis.msg[37m.succes
s('Order deleted');
          ÔòÁ         
[32m~~~~~~~~[0m


[31mX [41;31m[[41;97mER
ROR[41;31m][0m 
[1mTS2571: Object is of 
type 'unknown'.[0m 
[1m[35m[plugin 
angular-compiler][0m

    src/app/shop/features/
orders/order-list/order-li
st.component.ts:113:19:
[37m      113 Ôöé       
error: () => [32mthis.msg
[37m.error('Error 
deleting order'),
          ÔòÁ             
       [32m~~~~~~~~[0m


[31mX [41;31m[[41;97mER
ROR[41;31m][0m 
[1mCould not resolve "../
../../core/services/paymen
t.service"[0m

    src/app/shop/features/
orders/payment-page/paymen
t-page.component.ts:4:31:
[37m      4 Ôöé ...t { 
PaymentService } from [32
m'../../../core/services/p
ayment.service'[37m;
        ÔòÁ               
               [32m~~~~~~
~~~~~~~~~~~~~~~~~~~~~~~~~~
~~~~~~~~[0m


[31mX [41;31m[[41;97mER
ROR[41;31m][0m 
[1mTS2307: Cannot find 
module '../../../core/serv
ices/payment.service' or 
its corresponding type 
declarations.[0m 
[1m[35m[plugin 
angular-compiler][0m

    src/app/shop/features/
orders/payment-page/paymen
t-page.component.ts:4:31:
[37m      4 Ôöé ...t { 
PaymentService } from [32
m'../../../core/services/p
ayment.service'[37m;
        ÔòÁ               
               [32m~~~~~~
~~~~~~~~~~~~~~~~~~~~~~~~~~
~~~~~~~~[0m


[31mX [41;31m[[41;97mER
ROR[41;31m][0m 
[1mCould not resolve "../
../../core/services/order.
service"[0m

    src/app/shop/features/
orders/payment-page/paymen
t-page.component.ts:5:29:
[37m      5 Ôöé import { 
OrderService } from [32m'
../../../core/services/ord
er.service'[37m;
        ÔòÁ               
               [32m~~~~~~
~~~~~~~~~~~~~~~~~~~~~~~~~~
~~~~~~[0m


[31mX [41;31m[[41;97mER
ROR[41;31m][0m 
[1mTS2307: Cannot find 
module '../../../core/serv
ices/order.service' or 
its corresponding type 
declarations.[0m 
[1m[35m[plugin 
angular-compiler][0m

    src/app/shop/features/
orders/payment-page/paymen
t-page.component.ts:5:29:
[37m      5 Ôöé import { 
OrderService } from [32m'
../../../core/services/ord
er.service'[37m;
        ÔòÁ               
               [32m~~~~~~
~~~~~~~~~~~~~~~~~~~~~~~~~~
~~~~~~[0m


[31mX [41;31m[[41;97mER
ROR[41;31m][0m 
[1mCould not resolve "../
../../core/services/messag
e.service"[0m

    src/app/shop/features/
orders/payment-page/paymen
t-page.component.ts:6:31:
[37m      6 Ôöé ...t { 
MessageService } from [32
m'../../../core/services/m
essage.service'[37m;
        ÔòÁ               
               [32m~~~~~~
~~~~~~~~~~~~~~~~~~~~~~~~~~
~~~~~~~~[0m


[31mX [41;31m[[41;97mER
ROR[41;31m][0m 
[1mTS2307: Cannot find 
module '../../../core/serv
ices/message.service' or 
its corresponding type 
declarations.[0m 
[1m[35m[plugin 
angular-compiler][0m

    src/app/shop/features/
orders/payment-page/paymen
t-page.component.ts:6:31:
[37m      6 Ôöé ...t { 
MessageService } from [32
m'../../../core/services/m
essage.service'[37m;
        ÔòÁ               
               [32m~~~~~~
~~~~~~~~~~~~~~~~~~~~~~~~~~
~~~~~~~~[0m


[31mX [41;31m[[41;97mER
ROR[41;31m][0m 
[1mCould not resolve "../
../../core/services/valida
tion.service"[0m

    src/app/shop/features/
orders/payment-page/paymen
t-page.component.ts:7:34:
[37m      7 Ôöé 
...lidationService } from 
[32m'../../../core/servic
es/validation.service'[37
m;
        ÔòÁ               
            [32m~~~~~~~~~
~~~~~~~~~~~~~~~~~~~~~~~~~~
~~~~~~~~[0m


[31mX [41;31m[[41;97mER
ROR[41;31m][0m 
[1mTS2307: Cannot find 
module '../../../core/serv
ices/validation.service' 
or its corresponding type 
declarations.[0m 
[1m[35m[plugin 
angular-compiler][0m

    src/app/shop/features/
orders/payment-page/paymen
t-page.component.ts:7:34:
[37m      7 Ôöé 
...lidationService } from 
[32m'../../../core/servic
es/validation.service'[37
m;
        ÔòÁ               
            [32m~~~~~~~~~
~~~~~~~~~~~~~~~~~~~~~~~~~~
~~~~~~~~[0m


[31mX [41;31m[[41;97mER
ROR[41;31m][0m 
[1mTS2571: Object is of 
type 'unknown'.[0m 
[1m[35m[plugin 
angular-compiler][0m

    src/app/shop/features/
orders/payment-page/paymen
t-page.component.ts:86:6:
[37m      86 Ôöé       [
32mthis.msg[37m.error('Pa
yment session invalid. 
Restarting checkout...
         ÔòÁ       
[32m~~~~~~~~[0m


[31mX [41;31m[[41;97mER
ROR[41;31m][0m 
[1mTS2571: Object is of 
type 'unknown'.[0m 
[1m[35m[plugin 
angular-compiler][0m

    src/app/shop/features/
orders/payment-page/paymen
t-page.component.ts:108:4:
[37m      108 Ôöé     [3
2mthis.paymentService[37m
.confirm(payload).subscrib
e({
          ÔòÁ     [32m~~~
~~~~~~~~~~~~~~~~[0m


[31mX [41;31m[[41;97mER
ROR[41;31m][0m 
[1mTS7006: Parameter 
'res' implicitly has an 
'any' type.[0m 
[1m[35m[plugin 
angular-compiler][0m

    src/app/shop/features/
orders/payment-page/paymen
t-page.component.ts:109:13
:
[37m      109 Ôöé       
next: ([32mres[37m) => {
          ÔòÁ             
 [32m~~~[0m


[31mX [41;31m[[41;97mER
ROR[41;31m][0m 
[1mTS2571: Object is of 
type 'unknown'.[0m 
[1m[35m[plugin 
angular-compiler][0m

    src/app/shop/features/
orders/payment-page/paymen
t-page.component.ts:111:10
:
[37m      111 Ôöé        
   [32mthis.msg[37m.succ
ess(res.message);
          ÔòÁ           
[32m~~~~~~~~[0m


[31mX [41;31m[[41;97mER
ROR[41;31m][0m 
[1mTS2571: Object is of 
type 'unknown'.[0m 
[1m[35m[plugin 
angular-compiler][0m

    src/app/shop/features/
orders/payment-page/paymen
t-page.component.ts:114:10
:
[37m      114 Ôöé        
   [32mthis.msg[37m.erro
r('Payment failed: ' + 
res.message);
          ÔòÁ           
[32m~~~~~~~~[0m


[31mX [41;31m[[41;97mER
ROR[41;31m][0m 
[1mTS7006: Parameter 
'err' implicitly has an 
'any' type.[0m 
[1m[35m[plugin 
angular-compiler][0m

    src/app/shop/features/
orders/payment-page/paymen
t-page.component.ts:118:14
:
[37m      118 Ôöé       
error: ([32merr[37m) => 
{
          ÔòÁ             
  [32m~~~[0m


[31mX [41;31m[[41;97mER
ROR[41;31m][0m 
[1mTS2571: Object is of 
type 'unknown'.[0m 
[1m[35m[plugin 
angular-compiler][0m

    src/app/shop/features/
orders/payment-page/paymen
t-page.component.ts:119:8:
[37m      119 Ôöé        
 [32mthis.msg[37m.error(
err.error?.message || 
'Payment confirmatio...
          ÔòÁ         
[32m~~~~~~~~[0m


[31mX [41;31m[[41;97mER
ROR[41;31m][0m 
[1mTS2571: Object is of 
type 'unknown'.[0m 
[1m[35m[plugin 
angular-compiler][0m

    src/app/shop/features/
orders/payment-page/paymen
t-page.component.ts:126:4:
[37m      126 Ôöé     [3
2mthis.orderService[37m.p
laceOrder(this.pendingOrde
rData).subscribe({
          ÔòÁ     
[32m~~~~~~~~~~~~~~~~~[0m


[31mX [41;31m[[41;97mER
ROR[41;31m][0m 
[1mTS2571: Object is of 
type 'unknown'.[0m 
[1m[35m[plugin 
angular-compiler][0m

    src/app/shop/features/
orders/payment-page/paymen
t-page.component.ts:128:8:
[37m      128 Ôöé        
 [32mthis.msg[37m.succes
s('Order placed 
successfully!');
          ÔòÁ         
[32m~~~~~~~~[0m


[31mX [41;31m[[41;97mER
ROR[41;31m][0m 
[1mTS7006: Parameter 
'err' implicitly has an 
'any' type.[0m 
[1m[35m[plugin 
angular-compiler][0m

    src/app/shop/features/
orders/payment-page/paymen
t-page.component.ts:132:14
:
[37m      132 Ôöé       
error: ([32merr[37m) => 
{
          ÔòÁ             
  [32m~~~[0m


[31mX [41;31m[[41;97mER
ROR[41;31m][0m 
[1mTS2571: Object is of 
type 'unknown'.[0m 
[1m[35m[plugin 
angular-compiler][0m

    src/app/shop/features/
orders/payment-page/paymen
t-page.component.ts:133:8:
[37m      133 Ôöé        
 [32mthis.msg[37m.error(
'Order creation failed 
after payment.');
          ÔòÁ         
[32m~~~~~~~~[0m


[31mX [41;31m[[41;97mER
ROR[41;31m][0m 
[1mCould not resolve "../
../../core/services/produc
t.service"[0m

    src/app/shop/features/
products/product-detail/pr
oduct-detail.component.ts:
4:31:
[37m      4 Ôöé ...t { 
ProductService } from [32
m'../../../core/services/p
roduct.service'[37m;
        ÔòÁ               
               [32m~~~~~~
~~~~~~~~~~~~~~~~~~~~~~~~~~
~~~~~~~~[0m


[31mX [41;31m[[41;97mER
ROR[41;31m][0m 
[1mTS2307: Cannot find 
module '../../../core/serv
ices/product.service' or 
its corresponding type 
declarations.[0m 
[1m[35m[plugin 
angular-compiler][0m

    src/app/shop/features/
products/product-detail/pr
oduct-detail.component.ts:
4:31:
[37m      4 Ôöé ...t { 
ProductService } from [32
m'../../../core/services/p
roduct.service'[37m;
        ÔòÁ               
               [32m~~~~~~
~~~~~~~~~~~~~~~~~~~~~~~~~~
~~~~~~~~[0m


[31mX [41;31m[[41;97mER
ROR[41;31m][0m 
[1mCould not resolve "../
../../core/services/cart.s
ervice"[0m

    src/app/shop/features/
products/product-detail/pr
oduct-detail.component.ts:
5:28:
[37m      5 Ôöé import { 
CartService } from [32m'.
./../../core/services/cart
.service'[37m;
        ÔòÁ               
              [32m~~~~~~~
~~~~~~~~~~~~~~~~~~~~~~~~~~
~~~~[0m


[31mX [41;31m[[41;97mER
ROR[41;31m][0m 
[1mTS2307: Cannot find 
module '../../../core/serv
ices/cart.service' or its 
corresponding type 
declarations.[0m 
[1m[35m[plugin 
angular-compiler][0m

    src/app/shop/features/
products/product-detail/pr
oduct-detail.component.ts:
5:28:
[37m      5 Ôöé import { 
CartService } from [32m'.
./../../core/services/cart
.service'[37m;
        ÔòÁ               
              [32m~~~~~~~
~~~~~~~~~~~~~~~~~~~~~~~~~~
~~~~[0m


[31mX [41;31m[[41;97mER
ROR[41;31m][0m 
[1mCould not resolve "../
../../core/services/auth.s
ervice"[0m

    src/app/shop/features/
products/product-detail/pr
oduct-detail.component.ts:
6:28:
[37m      6 Ôöé import { 
AuthService } from [32m'.
./../../core/services/auth
.service'[37m;
        ÔòÁ               
              [32m~~~~~~~
~~~~~~~~~~~~~~~~~~~~~~~~~~
~~~~[0m


[31mX [41;31m[[41;97mER
ROR[41;31m][0m 
[1mTS2307: Cannot find 
module '../../../core/serv
ices/auth.service' or its 
corresponding type 
declarations.[0m 
[1m[35m[plugin 
angular-compiler][0m

    src/app/shop/features/
products/product-detail/pr
oduct-detail.component.ts:
6:28:
[37m      6 Ôöé import { 
AuthService } from [32m'.
./../../core/services/auth
.service'[37m;
        ÔòÁ               
              [32m~~~~~~~
~~~~~~~~~~~~~~~~~~~~~~~~~~
~~~~[0m


[31mX [41;31m[[41;97mER
ROR[41;31m][0m 
[1mCould not resolve "../
../../core/services/messag
e.service"[0m

    src/app/shop/features/
products/product-detail/pr
oduct-detail.component.ts:
7:31:
[37m      7 Ôöé ...t { 
MessageService } from [32
m'../../../core/services/m
essage.service'[37m;
        ÔòÁ               
               [32m~~~~~~
~~~~~~~~~~~~~~~~~~~~~~~~~~
~~~~~~~~[0m


[31mX [41;31m[[41;97mER
ROR[41;31m][0m 
[1mTS2307: Cannot find 
module '../../../core/serv
ices/message.service' or 
its corresponding type 
declarations.[0m 
[1m[35m[plugin 
angular-compiler][0m

    src/app/shop/features/
products/product-detail/pr
oduct-detail.component.ts:
7:31:
[37m      7 Ôöé ...t { 
MessageService } from [32
m'../../../core/services/m
essage.service'[37m;
        ÔòÁ               
               [32m~~~~~~
~~~~~~~~~~~~~~~~~~~~~~~~~~
~~~~~~~~[0m


[31mX [41;31m[[41;97mER
ROR[41;31m][0m 
[1mTS2307: Cannot find 
module '../../../shared/mo
dels/product.model' or 
its corresponding type 
declarations.[0m 
[1m[35m[plugin 
angular-compiler][0m

    src/app/shop/features/
products/product-detail/pr
oduct-detail.component.ts:
8:29:
[37m      8 Ôöé import 
type { Product } from [32
m'../../../shared/models/p
roduct.model'[37m;
        ÔòÁ               
               [32m~~~~~~
~~~~~~~~~~~~~~~~~~~~~~~~~~
~~~~~~[0m


[31mX [41;31m[[41;97mER
ROR[41;31m][0m [1mNG1: 
Object is of type 
'unknown'.[0m 
[1m[35m[plugin 
angular-compiler][0m

    src/app/shop/features/
products/product-detail/pr
oduct-detail.component.ts:
22:39:
[37m      22 Ôöé ...<img 
[src]="productService.[32
mgetImageUrl[37m(p.image!
)" [alt]="p.title">
         ÔòÁ              
                 
[32m~~~~~~~~~~~[0m


[31mX [41;31m[[41;97mER
ROR[41;31m][0m [1mNG1: 
Object is of type 
'unknown'.[0m 
[1m[35m[plugin 
angular-compiler][0m

    src/app/shop/features/
products/product-detail/pr
oduct-detail.component.ts:
39:22:
[37m      39 Ôöé         
    @if (auth.[32misLogge
dIn[37m()) {
         ÔòÁ              
         
[32m~~~~~~~~~~[0m


[31mX [41;31m[[41;97mER
ROR[41;31m][0m 
[1mTS2571: Object is of 
type 'unknown'.[0m 
[1m[35m[plugin 
angular-compiler][0m

    src/app/shop/features/
products/product-detail/pr
oduct-detail.component.ts:
74:4:
[37m      74 Ôöé     [32
mthis.productService[37m.
getById(id).subscribe({
         ÔòÁ     [32m~~~~
~~~~~~~~~~~~~~~[0m


[31mX [41;31m[[41;97mER
ROR[41;31m][0m 
[1mTS7006: Parameter 'p' 
implicitly has an 'any' 
type.[0m 
[1m[35m[plugin 
angular-compiler][0m

    src/app/shop/features/
products/product-detail/pr
oduct-detail.component.ts:
75:12:
[37m      75 Ôöé       
next: [32mp[37m => { 
this.product.set(p); 
this.loading.set(false); 
},
         ÔòÁ             
[32m^[0m


[31mX [41;31m[[41;97mER
ROR[41;31m][0m 
[1mTS2571: Object is of 
type 'unknown'.[0m 
[1m[35m[plugin 
angular-compiler][0m

    src/app/shop/features/
products/product-detail/pr
oduct-detail.component.ts:
81:9:
[37m      81 Ôöé     if (
![32mthis.auth[37m.isLog
gedIn()) return;
         ÔòÁ          
[32m~~~~~~~~~[0m


[31mX [41;31m[[41;97mER
ROR[41;31m][0m 
[1mTS2571: Object is of 
type 'unknown'.[0m 
[1m[35m[plugin 
angular-compiler][0m

    src/app/shop/features/
products/product-detail/pr
oduct-detail.component.ts:
82:4:
[37m      82 Ôöé     [32
mthis.cartService[37m.add
(p.id).subscribe({
         ÔòÁ     
[32m~~~~~~~~~~~~~~~~[0m


[31mX [41;31m[[41;97mER
ROR[41;31m][0m 
[1mTS2571: Object is of 
type 'unknown'.[0m 
[1m[35m[plugin 
angular-compiler][0m

    src/app/shop/features/
products/product-detail/pr
oduct-detail.component.ts:
83:18:
[37m      83 Ôöé       
next: () => [32mthis.msg
[37m.success(`"${p.title}"
 added to cart`),
         ÔòÁ              
     [32m~~~~~~~~[0m


[31mX [41;31m[[41;97mER
ROR[41;31m][0m 
[1mCould not resolve "../
../../core/services/produc
t.service"[0m

    src/app/shop/features/
products/product-form/prod
uct-form.component.ts:4:31
:
[37m      4 Ôöé ...t { 
ProductService } from [32
m'../../../core/services/p
roduct.service'[37m;
        ÔòÁ               
               [32m~~~~~~
~~~~~~~~~~~~~~~~~~~~~~~~~~
~~~~~~~~[0m


[31mX [41;31m[[41;97mER
ROR[41;31m][0m 
[1mTS2307: Cannot find 
module '../../../core/serv
ices/product.service' or 
its corresponding type 
declarations.[0m 
[1m[35m[plugin 
angular-compiler][0m

    src/app/shop/features/
products/product-form/prod
uct-form.component.ts:4:31
:
[37m      4 Ôöé ...t { 
ProductService } from [32
m'../../../core/services/p
roduct.service'[37m;
        ÔòÁ               
               [32m~~~~~~
~~~~~~~~~~~~~~~~~~~~~~~~~~
~~~~~~~~[0m


[31mX [41;31m[[41;97mER
ROR[41;31m][0m 
[1mCould not resolve "../
../../core/services/catego
ry.service"[0m

    src/app/shop/features/
products/product-form/prod
uct-form.component.ts:5:32
:
[37m      5 Ôöé ...{ 
CategoryService } from [3
2m'../../../core/services/
category.service'[37m;
        ÔòÁ               
              [32m~~~~~~~
~~~~~~~~~~~~~~~~~~~~~~~~~~
~~~~~~~~[0m


[31mX [41;31m[[41;97mER
ROR[41;31m][0m 
[1mTS2307: Cannot find 
module '../../../core/serv
ices/category.service' or 
its corresponding type 
declarations.[0m 
[1m[35m[plugin 
angular-compiler][0m

    src/app/shop/features/
products/product-form/prod
uct-form.component.ts:5:32
:
[37m      5 Ôöé ...{ 
CategoryService } from [3
2m'../../../core/services/
category.service'[37m;
        ÔòÁ               
              [32m~~~~~~~
~~~~~~~~~~~~~~~~~~~~~~~~~~
~~~~~~~~[0m


[31mX [41;31m[[41;97mER
ROR[41;31m][0m 
[1mCould not resolve "../
../../core/services/messag
e.service"[0m

    src/app/shop/features/
products/product-form/prod
uct-form.component.ts:6:31
:
[37m      6 Ôöé ...t { 
MessageService } from [32
m'../../../core/services/m
essage.service'[37m;
        ÔòÁ               
               [32m~~~~~~
~~~~~~~~~~~~~~~~~~~~~~~~~~
~~~~~~~~[0m


[31mX [41;31m[[41;97mER
ROR[41;31m][0m 
[1mTS2307: Cannot find 
module '../../../core/serv
ices/message.service' or 
its corresponding type 
declarations.[0m 
[1m[35m[plugin 
angular-compiler][0m

    src/app/shop/features/
products/product-form/prod
uct-form.component.ts:6:31
:
[37m      6 Ôöé ...t { 
MessageService } from [32
m'../../../core/services/m
essage.service'[37m;
        ÔòÁ               
               [32m~~~~~~
~~~~~~~~~~~~~~~~~~~~~~~~~~
~~~~~~~~[0m


[31mX [41;31m[[41;97mER
ROR[41;31m][0m 
[1mTS2307: Cannot find 
module '../../../shared/mo
dels/category.model' or 
its corresponding type 
declarations.[0m 
[1m[35m[plugin 
angular-compiler][0m

    src/app/shop/features/
products/product-form/prod
uct-form.component.ts:7:30
:
[37m      7 Ôöé import 
type { Category } from [3
2m'../../../shared/models/
category.model'[37m;
        ÔòÁ               
                [32m~~~~~
~~~~~~~~~~~~~~~~~~~~~~~~~~
~~~~~~~~[0m


[31mX [41;31m[[41;97mER
ROR[41;31m][0m 
[1mTS2571: Object is of 
type 'unknown'.[0m 
[1m[35m[plugin 
angular-compiler][0m

    src/app/shop/features/
products/product-form/prod
uct-form.component.ts:104:
4:
[37m      104 Ôöé     [3
2mthis.categoryService[37
m.getActive().subscribe({
          ÔòÁ     [32m~~~
~~~~~~~~~~~~~~~~~[0m


[31mX [41;31m[[41;97mER
ROR[41;31m][0m 
[1mTS7006: Parameter 'c' 
implicitly has an 'any' 
type.[0m 
[1m[35m[plugin 
angular-compiler][0m

    src/app/shop/features/
products/product-form/prod
uct-form.component.ts:105:
13:
[37m      105 Ôöé       
next: ([32mc[37m) => {
          ÔòÁ             
 [32m^[0m


[31mX [41;31m[[41;97mER
ROR[41;31m][0m 
[1mTS7006: Parameter 
'err' implicitly has an 
'any' type.[0m 
[1m[35m[plugin 
angular-compiler][0m

    src/app/shop/features/
products/product-form/prod
uct-form.component.ts:111:
14:
[37m      111 Ôöé       
error: ([32merr[37m) => 
{
          ÔòÁ             
  [32m~~~[0m


[31mX [41;31m[[41;97mER
ROR[41;31m][0m 
[1mTS2571: Object is of 
type 'unknown'.[0m 
[1m[35m[plugin 
angular-compiler][0m

    src/app/shop/features/
products/product-form/prod
uct-form.component.ts:113:
8:
[37m      113 Ôöé        
 [32mthis.msg[37m.error(
'Unable to load 
categories');
          ÔòÁ         
[32m~~~~~~~~[0m


[31mX [41;31m[[41;97mER
ROR[41;31m][0m 
[1mTS2571: Object is of 
type 'unknown'.[0m 
[1m[35m[plugin 
angular-compiler][0m

    src/app/shop/features/
products/product-form/prod
uct-form.component.ts:121:
6:
[37m      121 Ôöé       
[32mthis.productService[3
7m.getById(this.editId).su
bscribe({
          ÔòÁ       [32m~
~~~~~~~~~~~~~~~~~~[0m


[31mX [41;31m[[41;97mER
ROR[41;31m][0m 
[1mTS7006: Parameter 'p' 
implicitly has an 'any' 
type.[0m 
[1m[35m[plugin 
angular-compiler][0m

    src/app/shop/features/
products/product-form/prod
uct-form.component.ts:122:
15:
[37m      122 Ôöé        
 next: ([32mp[37m) => 
this.form.patchValue(p),
          ÔòÁ             
   [32m^[0m


[31mX [41;31m[[41;97mER
ROR[41;31m][0m 
[1mTS7006: Parameter 
'err' implicitly has an 
'any' type.[0m 
[1m[35m[plugin 
angular-compiler][0m

    src/app/shop/features/
products/product-form/prod
uct-form.component.ts:123:
16:
[37m      123 Ôöé        
 error: ([32merr[37m) 
=> {
          ÔòÁ             
    [32m~~~[0m


[31mX [41;31m[[41;97mER
ROR[41;31m][0m 
[1mTS2571: Object is of 
type 'unknown'.[0m 
[1m[35m[plugin 
angular-compiler][0m

    src/app/shop/features/
products/product-form/prod
uct-form.component.ts:125:
10:
[37m      125 Ôöé        
   [32mthis.msg[37m.erro
r('Unable to load product 
data');
          ÔòÁ           
[32m~~~~~~~~[0m


[31mX [41;31m[[41;97mER
ROR[41;31m][0m 
[1mTS2571: Object is of 
type 'unknown'.[0m 
[1m[35m[plugin 
angular-compiler][0m

    src/app/shop/features/
products/product-form/prod
uct-form.component.ts:137:
8:
[37m      137 Ôöé        
 [32mthis.msg[37m.error(
'Unsupported file format. 
Use PNG, JPG or ...
          ÔòÁ         
[32m~~~~~~~~[0m


[31mX [41;31m[[41;97mER
ROR[41;31m][0m 
[1mTS2571: Object is of 
type 'unknown'.[0m 
[1m[35m[plugin 
angular-compiler][0m

    src/app/shop/features/
products/product-form/prod
uct-form.component.ts:149:
6:
[37m      149 Ôöé       
[32mthis.msg[37m.error('A
n image is required for a 
new product');
          ÔòÁ       
[32m~~~~~~~~[0m


[31mX [41;31m[[41;97mER
ROR[41;31m][0m 
[1mTS2571: Object is of 
type 'unknown'.[0m 
[1m[35m[plugin 
angular-compiler][0m

    src/app/shop/features/
products/product-form/prod
uct-form.component.ts:155:
8:
[37m      155 Ôöé       
? [32mthis.productService
[37m.update(this.editId, 
data, this.select...
          ÔòÁ         [32
m~~~~~~~~~~~~~~~~~~~[0m


[31mX [41;31m[[41;97mER
ROR[41;31m][0m 
[1mTS2571: Object is of 
type 'unknown'.[0m 
[1m[35m[plugin 
angular-compiler][0m

    src/app/shop/features/
products/product-form/prod
uct-form.component.ts:156:
8:
[37m      156 Ôöé       
: [32mthis.productService
[37m.create(data, 
this.selectedFile()!);
          ÔòÁ         [32
m~~~~~~~~~~~~~~~~~~~[0m


[31mX [41;31m[[41;97mER
ROR[41;31m][0m 
[1mTS2571: Object is of 
type 'unknown'.[0m 
[1m[35m[plugin 
angular-compiler][0m

    src/app/shop/features/
products/product-form/prod
uct-form.component.ts:160:
8:
[37m      160 Ôöé        
 [32mthis.msg[37m.succes
s(this.isEdit() ? 
'Product updated' : 
'Pro...
          ÔòÁ         
[32m~~~~~~~~[0m


[31mX [41;31m[[41;97mER
ROR[41;31m][0m 
[1mTS7006: Parameter 
'err' implicitly has an 
'any' type.[0m 
[1m[35m[plugin 
angular-compiler][0m

    src/app/shop/features/
products/product-form/prod
uct-form.component.ts:163:
14:
[37m      163 Ôöé       
error: ([32merr[37m) => 
{
          ÔòÁ             
  [32m~~~[0m


[31mX [41;31m[[41;97mER
ROR[41;31m][0m 
[1mTS2571: Object is of 
type 'unknown'.[0m 
[1m[35m[plugin 
angular-compiler][0m

    src/app/shop/features/
products/product-form/prod
uct-form.component.ts:167:
10:
[37m      167 Ôöé        
   [32mthis.msg[37m.erro
r(backendMsg);
          ÔòÁ           
[32m~~~~~~~~[0m


[31mX [41;31m[[41;97mER
ROR[41;31m][0m 
[1mTS2571: Object is of 
type 'unknown'.[0m 
[1m[35m[plugin 
angular-compiler][0m

    src/app/shop/features/
products/product-form/prod
uct-form.component.ts:169:
10:
[37m      169 Ôöé        
   [32mthis.msg[37m.erro
r('An error occurred 
while saving');
          ÔòÁ           
[32m~~~~~~~~[0m


[31mX [41;31m[[41;97mER
ROR[41;31m][0m 
[1mCould not resolve "../
../../core/services/produc
t.service"[0m

    src/app/shop/features/
products/product-list/prod
uct-list.component.ts:5:31
:
[37m      5 Ôöé ...t { 
ProductService } from [32
m'../../../core/services/p
roduct.service'[37m;
        ÔòÁ               
               [32m~~~~~~
~~~~~~~~~~~~~~~~~~~~~~~~~~
~~~~~~~~[0m


[31mX [41;31m[[41;97mER
ROR[41;31m][0m 
[1mTS2307: Cannot find 
module '../../../core/serv
ices/product.service' or 
its corresponding type 
declarations.[0m 
[1m[35m[plugin 
angular-compiler][0m

    src/app/shop/features/
products/product-list/prod
uct-list.component.ts:5:31
:
[37m      5 Ôöé ...t { 
ProductService } from [32
m'../../../core/services/p
roduct.service'[37m;
        ÔòÁ               
               [32m~~~~~~
~~~~~~~~~~~~~~~~~~~~~~~~~~
~~~~~~~~[0m


[31mX [41;31m[[41;97mER
ROR[41;31m][0m 
[1mCould not resolve "../
../../core/services/cart.s
ervice"[0m

    src/app/shop/features/
products/product-list/prod
uct-list.component.ts:6:28
:
[37m      6 Ôöé import { 
CartService } from [32m'.
./../../core/services/cart
.service'[37m;
        ÔòÁ               
              [32m~~~~~~~
~~~~~~~~~~~~~~~~~~~~~~~~~~
~~~~[0m


[31mX [41;31m[[41;97mER
ROR[41;31m][0m 
[1mTS2307: Cannot find 
module '../../../core/serv
ices/cart.service' or its 
corresponding type 
declarations.[0m 
[1m[35m[plugin 
angular-compiler][0m

    src/app/shop/features/
products/product-list/prod
uct-list.component.ts:6:28
:
[37m      6 Ôöé import { 
CartService } from [32m'.
./../../core/services/cart
.service'[37m;
        ÔòÁ               
              [32m~~~~~~~
~~~~~~~~~~~~~~~~~~~~~~~~~~
~~~~[0m


[31mX [41;31m[[41;97mER
ROR[41;31m][0m 
[1mCould not resolve "../
../../core/services/catego
ry.service"[0m

    src/app/shop/features/
products/product-list/prod
uct-list.component.ts:7:32
:
[37m      7 Ôöé ...{ 
CategoryService } from [3
2m'../../../core/services/
category.service'[37m;
        ÔòÁ               
              [32m~~~~~~~
~~~~~~~~~~~~~~~~~~~~~~~~~~
~~~~~~~~[0m


[31mX [41;31m[[41;97mER
ROR[41;31m][0m 
[1mTS2307: Cannot find 
module '../../../core/serv
ices/category.service' or 
its corresponding type 
declarations.[0m 
[1m[35m[plugin 
angular-compiler][0m

    src/app/shop/features/
products/product-list/prod
uct-list.component.ts:7:32
:
[37m      7 Ôöé ...{ 
CategoryService } from [3
2m'../../../core/services/
category.service'[37m;
        ÔòÁ               
              [32m~~~~~~~
~~~~~~~~~~~~~~~~~~~~~~~~~~
~~~~~~~~[0m


[31mX [41;31m[[41;97mER
ROR[41;31m][0m 
[1mCould not resolve "../
../../core/services/auth.s
ervice"[0m

    src/app/shop/features/
products/product-list/prod
uct-list.component.ts:8:28
:
[37m      8 Ôöé import { 
AuthService } from [32m'.
./../../core/services/auth
.service'[37m;
        ÔòÁ               
              [32m~~~~~~~
~~~~~~~~~~~~~~~~~~~~~~~~~~
~~~~[0m


[31mX [41;31m[[41;97mER
ROR[41;31m][0m 
[1mTS2307: Cannot find 
module '../../../core/serv
ices/auth.service' or its 
corresponding type 
declarations.[0m 
[1m[35m[plugin 
angular-compiler][0m

    src/app/shop/features/
products/product-list/prod
uct-list.component.ts:8:28
:
[37m      8 Ôöé import { 
AuthService } from [32m'.
./../../core/services/auth
.service'[37m;
        ÔòÁ               
              [32m~~~~~~~
~~~~~~~~~~~~~~~~~~~~~~~~~~
~~~~[0m


[31mX [41;31m[[41;97mER
ROR[41;31m][0m 
[1mCould not resolve "../
../../core/services/messag
e.service"[0m

    src/app/shop/features/
products/product-list/prod
uct-list.component.ts:9:31
:
[37m      9 Ôöé ...t { 
MessageService } from [32
m'../../../core/services/m
essage.service'[37m;
        ÔòÁ               
               [32m~~~~~~
~~~~~~~~~~~~~~~~~~~~~~~~~~
~~~~~~~~[0m


[31mX [41;31m[[41;97mER
ROR[41;31m][0m 
[1mTS2307: Cannot find 
module '../../../core/serv
ices/message.service' or 
its corresponding type 
declarations.[0m 
[1m[35m[plugin 
angular-compiler][0m

    src/app/shop/features/
products/product-list/prod
uct-list.component.ts:9:31
:
[37m      9 Ôöé ...t { 
MessageService } from [32
m'../../../core/services/m
essage.service'[37m;
        ÔòÁ               
               [32m~~~~~~
~~~~~~~~~~~~~~~~~~~~~~~~~~
~~~~~~~~[0m


[31mX [41;31m[[41;97mER
ROR[41;31m][0m 
[1mCould not resolve "../
../../shared/components/pa
gination/pagination.compon
ent"[0m

    src/app/shop/features/
products/product-list/prod
uct-list.component.ts:10:3
6:
[37m      10 Ôöé ...nt } 
from [32m'../../../shared
/components/pagination/pag
ination.com[37m...
         ÔòÁ              
[32m~~~~~~~~~~~~~~~~~~~~~
~~~~~~~~~~~~~~~~~~~~~~~~~~
~~~~~~[0m


[31mX [41;31m[[41;97mER
ROR[41;31m][0m 
[1mTS2307: Cannot find 
module '../../../shared/co
mponents/pagination/pagina
tion.component' or its 
corresponding type 
declarations.[0m 
[1m[35m[plugin 
angular-compiler][0m

    src/app/shop/features/
products/product-list/prod
uct-list.component.ts:10:3
6:
[37m      10 Ôöé ...nt } 
from [32m'../../../shared
/components/pagination/pag
ination.com[37m...
         ÔòÁ              
[32m~~~~~~~~~~~~~~~~~~~~~
~~~~~~~~~~~~~~~~~~~~~~~~~~
~~~~~~[0m


[31mX [41;31m[[41;97mER
ROR[41;31m][0m 
[1mCould not resolve "../
../../shared/components/co
nfirm-dialog/confirm-dialo
g.component"[0m

    src/app/shop/features/
products/product-list/prod
uct-list.component.ts:11:3
9:
[37m      11 Ôöé ...nt } 
from [32m'../../../shared
/components/confirm-dialog
/confirm-di[37m...
         ÔòÁ              
[32m~~~~~~~~~~~~~~~~~~~~~
~~~~~~~~~~~~~~~~~~~~~~~~~~
~~~~~~[0m


[31mX [41;31m[[41;97mER
ROR[41;31m][0m 
[1mTS2307: Cannot find 
module '../../../shared/co
mponents/confirm-dialog/co
nfirm-dialog.component' 
or its corresponding type 
declarations.[0m 
[1m[35m[plugin 
angular-compiler][0m

    src/app/shop/features/
products/product-list/prod
uct-list.component.ts:11:3
9:
[37m      11 Ôöé ...nt } 
from [32m'../../../shared
/components/confirm-dialog
/confirm-di[37m...
         ÔòÁ              
[32m~~~~~~~~~~~~~~~~~~~~~
~~~~~~~~~~~~~~~~~~~~~~~~~~
~~~~~~[0m


[31mX [41;31m[[41;97mER
ROR[41;31m][0m 
[1mTS2307: Cannot find 
module '../../../shared/mo
dels/product.model' or 
its corresponding type 
declarations.[0m 
[1m[35m[plugin 
angular-compiler][0m

    src/app/shop/features/
products/product-list/prod
uct-list.component.ts:12:2
9:
[37m      12 Ôöé import 
type { Product } from [32
m'../../../shared/models/p
roduct.model'[37m;
         ÔòÁ              
                [32m~~~~~
~~~~~~~~~~~~~~~~~~~~~~~~~~
~~~~~~~[0m


[31mX [41;31m[[41;97mER
ROR[41;31m][0m 
[1mTS2307: Cannot find 
module '../../../shared/mo
dels/category.model' or 
its corresponding type 
declarations.[0m 
[1m[35m[plugin 
angular-compiler][0m

    src/app/shop/features/
products/product-list/prod
uct-list.component.ts:13:3
0:
[37m      13 Ôöé ...rt 
type { Category } from [3
2m'../../../shared/models/
category.model'[37m;
         ÔòÁ              
                [32m~~~~~
~~~~~~~~~~~~~~~~~~~~~~~~~~
~~~~~~~~[0m


[31mX [41;31m[[41;97mER
ROR[41;31m][0m 
[1mTS-991010: 'imports' 
must be an array of 
components, directives, 
pipes, or NgModules.
  Value is of type 
'[RouterLink, 
FormsModule, (not 
statically analyzable), 
DecimalPipe, (not 
statically 
analyzable)]'.[0m 
[1m[35m[plugin 
angular-compiler][0m

    src/app/shop/features/
products/product-list/prod
uct-list.component.ts:18:1
3:
[37m      18 Ôöé     
imports: 
[32m[RouterLink, 
FormsModule, 
PaginationComponent, 
Decima[37m...
         ÔòÁ              
[32m~~~~~~~~~~~~~~~~~~~~~
~~~~~~~~~~~~~~~~~~~~~~~~~~
~~~~~~[0m


[31mX [41;31m[[41;97mER
ROR[41;31m][0m 
[1mTS-991010: 'imports' 
must be an array of 
components, directives, 
pipes, or NgModules.
  Value is of type 
'[RouterLink, 
FormsModule, (not 
statically analyzable), 
DecimalPipe, (not 
statically 
analyzable)]'.[0m 
[1m[35m[plugin 
angular-compiler][0m

    src/app/shop/features/
products/product-list/prod
uct-list.component.ts:18:1
3:
[37m      18 Ôöé     
imports: 
[32m[RouterLink, 
FormsModule, 
PaginationComponent, 
Decima[37m...
         ÔòÁ              
[32m~~~~~~~~~~~~~~~~~~~~~
~~~~~~~~~~~~~~~~~~~~~~~~~~
~~~~~~[0m


[31mX [41;31m[[41;97mER
ROR[41;31m][0m 
[1mTS2571: Object is of 
type 'unknown'.[0m 
[1m[35m[plugin 
angular-compiler][0m

    src/app/shop/features/
products/product-list/prod
uct-list.component.ts:43:3
7:
[37m      43 Ôöé         
console.log('Current 
User:', [32mthis.auth[37
m.currentUser());
         ÔòÁ              
                        
[32m~~~~~~~~~[0m


[31mX [41;31m[[41;97mER
ROR[41;31m][0m 
[1mTS2571: Object is of 
type 'unknown'.[0m 
[1m[35m[plugin 
angular-compiler][0m

    src/app/shop/features/
products/product-list/prod
uct-list.component.ts:44:3
3:
[37m      44 Ôöé         
console.log('Is Admin:', 
[32mthis.auth[37m.isAdmin
());
         ÔòÁ              
                    
[32m~~~~~~~~~[0m


[31mX [41;31m[[41;97mER
ROR[41;31m][0m 
[1mTS2571: Object is of 
type 'unknown'.[0m 
[1m[35m[plugin 
angular-compiler][0m

    src/app/shop/features/
products/product-list/prod
uct-list.component.ts:45:8
:
[37m      45 Ôöé         
[32mthis.categoryService
[37m.getActive().subscribe
(c => this.categ...
         ÔòÁ         [32m
~~~~~~~~~~~~~~~~~~~~[0m


[31mX [41;31m[[41;97mER
ROR[41;31m][0m 
[1mTS7006: Parameter 'c' 
implicitly has an 'any' 
type.[0m 
[1m[35m[plugin 
angular-compiler][0m

    src/app/shop/features/
products/product-list/prod
uct-list.component.ts:45:5
1:
[37m      45 Ôöé ...atego
ryService.getActive().subs
cribe([32mc[37m => 
this.categories.set(c));
         ÔòÁ              
                          
 [32m^[0m


[31mX [41;31m[[41;97mER
ROR[41;31m][0m 
[1mTS2571: Object is of 
type 'unknown'.[0m 
[1m[35m[plugin 
angular-compiler][0m

    src/app/shop/features/
products/product-list/prod
uct-list.component.ts:51:8
:
[37m      51 Ôöé         
[32mthis.productService[
37m.getActive(this.pageNo(
), 12, this.sele...
         ÔòÁ         [32m
~~~~~~~~~~~~~~~~~~~[0m


[31mX [41;31m[[41;97mER
ROR[41;31m][0m 
[1mTS7006: Parameter 
'res' implicitly has an 
'any' type.[0m 
[1m[35m[plugin 
angular-compiler][0m

    src/app/shop/features/
products/product-list/prod
uct-list.component.ts:53:2
2:
[37m      53 Ôöé         
        next: 
[32mres[37m => {
         ÔòÁ              
         [32m~~~[0m


[31mX [41;31m[[41;97mER
ROR[41;31m][0m 
[1mTS2571: Object is of 
type 'unknown'.[0m 
[1m[35m[plugin 
angular-compiler][0m

    src/app/shop/features/
products/product-list/prod
uct-list.component.ts:90:1
3:
[37m      90 Ôöé         
if (![32mthis.auth[37m.i
sLoggedIn()) { 
this.msg.error('Please 
log ...
         ÔòÁ              
[32m~~~~~~~~~[0m


[31mX [41;31m[[41;97mER
ROR[41;31m][0m 
[1mTS2571: Object is of 
type 'unknown'.[0m 
[1m[35m[plugin 
angular-compiler][0m

    src/app/shop/features/
products/product-list/prod
uct-list.component.ts:90:3
9:
[37m      90 Ôöé ...(!thi
s.auth.isLoggedIn()) { [3
2mthis.msg[37m.error('Ple
ase log in to co...
         ÔòÁ              
                  
[32m~~~~~~~~[0m


[31mX [41;31m[[41;97mER
ROR[41;31m][0m 
[1mTS2571: Object is of 
type 'unknown'.[0m 
[1m[35m[plugin 
angular-compiler][0m

    src/app/shop/features/
products/product-list/prod
uct-list.component.ts:91:8
:
[37m      91 Ôöé         
[32mthis.cartService[37m
.add(product.id).subscribe
({
         ÔòÁ         
[32m~~~~~~~~~~~~~~~~[0m


[31mX [41;31m[[41;97mER
ROR[41;31m][0m 
[1mTS2571: Object is of 
type 'unknown'.[0m 
[1m[35m[plugin 
angular-compiler][0m

    src/app/shop/features/
products/product-list/prod
uct-list.component.ts:92:2
4:
[37m      92 Ôöé         
    next: () => [32mthis.
msg[37m.success(`"${produ
ct.title}" added...
         ÔòÁ              
           
[32m~~~~~~~~[0m


[31mX [41;31m[[41;97mER
ROR[41;31m][0m 
[1mTS2571: Object is of 
type 'unknown'.[0m 
[1m[35m[plugin 
angular-compiler][0m

    src/app/shop/features/
products/product-list/prod
uct-list.component.ts:101:
8:
[37m      101 Ôöé        
 [32mthis.productService
[37m.delete(p.id).subscrib
e({
          ÔòÁ         [32
m~~~~~~~~~~~~~~~~~~~[0m


[31mX [41;31m[[41;97mER
ROR[41;31m][0m 
[1mTS2571: Object is of 
type 'unknown'.[0m 
[1m[35m[plugin 
angular-compiler][0m

    src/app/shop/features/
products/product-list/prod
uct-list.component.ts:103:
16:
[37m      103 Ôöé        
         [32mthis.msg[37
m.success('Product 
deleted');
          ÔòÁ             
    [32m~~~~~~~~[0m


[31mX [41;31m[[41;97mER
ROR[41;31m][0m 
[1mTS2571: Object is of 
type 'unknown'.[0m 
[1m[35m[plugin 
angular-compiler][0m

    src/app/shop/features/
products/product-list/prod
uct-list.component.ts:108:
16:
[37m      108 Ôöé        
         [32mthis.msg[37
m.error('Error deleting 
product');
          ÔòÁ             
    [32m~~~~~~~~[0m

[39m[22m
