src/app/app.config.ts(5,10): error TS2724: '"./auth/auth.interceptor"' has no exported member named 'authInterceptor'. Did you mean 'AuthInterceptor'?
src/app/shop/features/auth/login/login.component.ts(3,29): error TS2307: Cannot find module 'src/app/auth/auth.service' or its corresponding type declarations.
src/app/shop/features/auth/login/login.component.ts(4,29): error TS2307: Cannot find module '../../../../environments/environment' or its corresponding type declarations.
src/app/shop/features/auth/login/login.component.ts(63,7): error TS2571: Object is of type 'unknown'.
src/app/shop/features/auth/login/login.component.ts(68,5): error TS2571: Object is of type 'unknown'.
src/app/shop/features/cart/cart-page/cart-page.component.ts(6,29): error TS2307: Cannot find module 'src/app/auth/auth.service' or its corresponding type declarations.
src/app/shop/features/cart/cart-page/cart-page.component.ts(99,10): error TS2571: Object is of type 'unknown'.
src/app/shop/features/orders/checkout/checkout.component.ts(5,29): error TS2307: Cannot find module 'src/app/auth/auth.service' or its corresponding type declarations.
src/app/shop/features/orders/order-list/order-list.component.ts(5,29): error TS2307: Cannot find module 'src/app/auth/auth.service' or its corresponding type declarations.
src/app/shop/features/orders/order-list/order-list.component.ts(74,10): error TS2571: Object is of type 'unknown'.
src/app/shop/features/products/product-detail/product-detail.component.ts(6,29): error TS2307: Cannot find module 'src/app/auth/auth.service' or its corresponding type declarations.
src/app/shop/features/products/product-detail/product-detail.component.ts(81,10): error TS2571: Object is of type 'unknown'.
src/app/shop/features/products/product-list/product-list.component.ts(8,29): error TS2307: Cannot find module 'src/app/auth/auth.service' or its corresponding type declarations.
src/app/shop/features/products/product-list/product-list.component.ts(43,38): error TS2571: Object is of type 'unknown'.
src/app/shop/features/products/product-list/product-list.component.ts(44,34): error TS2571: Object is of type 'unknown'.
src/app/shop/features/products/product-list/product-list.component.ts(90,14): error TS2571: Object is of type 'unknown'.
src/app/shop/services/admin.service.ts(9,46): error TS2339: Property 'apiBaseUrl' does not exist on type '{ production: boolean; apiUrl: string; }'.
src/app/shop/services/cart.service.ts(5,27): error TS2307: Cannot find module '../../shared/models/cart.model' or its corresponding type declarations.
src/app/shop/services/cart.service.ts(10,46): error TS2339: Property 'apiBaseUrl' does not exist on type '{ production: boolean; apiUrl: string; }'.
src/app/shop/services/category.service.ts(4,28): error TS2307: Cannot find module '../constants/api.constants' or its corresponding type declarations.
src/app/shop/services/category.service.ts(5,63): error TS2307: Cannot find module '../../shared/models/category.model' or its corresponding type declarations.
src/app/shop/services/category.service.ts(6,35): error TS2307: Cannot find module '../../shared/models/page.model' or its corresponding type declarations.
src/app/shop/services/inventory.service.ts(42,35): error TS2339: Property 'apiBaseUrl' does not exist on type '{ production: boolean; apiUrl: string; }'.
src/app/shop/services/order.service.ts(5,71): error TS2307: Cannot find module '../../shared/models/order.model' or its corresponding type declarations.
src/app/shop/services/order.service.ts(6,35): error TS2307: Cannot find module '../../shared/models/page.model' or its corresponding type declarations.
src/app/shop/services/order.service.ts(11,46): error TS2339: Property 'apiBaseUrl' does not exist on type '{ production: boolean; apiUrl: string; }'.
src/app/shop/services/payment.service.ts(30,48): error TS2339: Property 'apiBaseUrl' does not exist on type '{ production: boolean; apiUrl: string; }'.
src/app/shop/services/product.service.ts(4,28): error TS2307: Cannot find module '../constants/api.constants' or its corresponding type declarations.
src/app/shop/services/product.service.ts(5,60): error TS2307: Cannot find module '../../shared/models/product.model' or its corresponding type declarations.
src/app/shop/services/product.service.ts(6,35): error TS2307: Cannot find module '../../shared/models/page.model' or its corresponding type declarations.
src/app/shop/services/user.service.ts(4,28): error TS2307: Cannot find module '../constants/api.constants' or its corresponding type declarations.
src/app/shop/services/user.service.ts(5,57): error TS2307: Cannot find module '../../shared/models/user.model' or its corresponding type declarations.
